// Jest Snapshot v1, https://goo.gl/fbAQLP

exports[`Tooltip renders 1`] = `
{
  "Component": {
    "Background": {
      "active": true,
      "alpha": 1,
      "attached": true,
      "boundsMargin": null,
      "children": {
        "Text": {
          "active": true,
          "alpha": 1,
          "attached": true,
          "boundsMargin": null,
          "children": {
            "Text": {
              "active": true,
              "alpha": 1,
              "attached": true,
              "boundsMargin": null,
              "clipping": false,
              "color": 4294967295,
              "enabled": true,
              "flex": false,
              "flexItem": false,
              "h": 33,
              "isComponent": undefined,
              "mount": 0,
              "mountX": 0,
              "mountY": 0,
              "pivot": 0.5,
              "pivotX": 0.5,
              "pivotY": 0.5,
              "ref": "Text",
              "renderOfScreen": undefined,
              "renderToTexture": false,
              "scale": 1,
              "scaleX": 1,
              "scaleY": 1,
              "state": undefined,
              "tag": [Function],
              "tags": [
                "Text",
              ],
              "texture": {
                "fontFace": "Arial",
                "fontSize": 20,
                "fontStyle": "300",
                "h": 33,
                "lineHeight": 32,
                "precision": 0.6666666666666666,
                "text": "Tooltip",
                "textBaseline": "bottom",
                "textColor": 4279769113,
                "type": "TextTexture",
                "verticalAlign": "middle",
                "w": 605.48291015625,
              },
              "visible": true,
              "w": 605.48291015625,
              "x": 0,
              "y": 2,
              "zIndex": 0,
            },
          },
          "clipping": false,
          "color": 4294967295,
          "enabled": true,
          "flex": false,
          "flexItem": false,
          "h": 33,
          "hasFinalFocus": false,
          "hasFocus": false,
          "isComponent": true,
          "mount": 0.5,
          "mountX": 0.5,
          "mountY": 0.5,
          "pivot": 0.5,
          "pivotX": 0.5,
          "pivotY": 0.5,
          "ref": "Text",
          "renderOfScreen": undefined,
          "renderToTexture": false,
          "scale": 1,
          "scaleX": 1,
          "scaleY": 1,
          "state": "",
          "tag": [Function],
          "tags": [
            "Text",
          ],
          "type": "TextBox",
          "visible": true,
          "w": 908.224365234375,
          "x": 474.1121826171875,
          "y": 26.5,
          "zIndex": 0,
        },
      },
      "clipping": false,
      "color": 4294967295,
      "enabled": true,
      "flex": false,
      "flexItem": false,
      "h": 73,
      "isComponent": undefined,
      "mount": 0,
      "mountX": 0,
      "mountY": 0,
      "pivot": 0.5,
      "pivotX": 0.5,
      "pivotY": 0.5,
      "ref": "Background",
      "renderOfScreen": undefined,
      "renderToTexture": false,
      "scale": 1,
      "scaleX": 1,
      "scaleY": 1,
      "state": undefined,
      "tag": [Function],
      "tags": [
        "Background",
      ],
      "texture": {
        "h": 73,
        "type": "Bubble",
        "w": 948.224365234375,
      },
      "visible": true,
      "w": 948.224365234375,
      "x": 0,
      "y": 0,
      "zIndex": 0,
    },
  },
}
`;
