// Jest Snapshot v1, https://goo.gl/fbAQLP

exports[`TitleRow renders 1`] = `
{
  "Component": {
    "Items": {
      "active": true,
      "alpha": 1,
      "attached": true,
      "boundsMargin": null,
      "children": {
        "Element-16": {
          "active": true,
          "alpha": 1,
          "attached": true,
          "boundsMargin": null,
          "clipping": false,
          "color": 4294967295,
          "enabled": true,
          "flex": false,
          "flexItem": false,
          "h": 200,
          "hasFinalFocus": true,
          "hasFocus": true,
          "isComponent": true,
          "mount": 0,
          "mountX": 0,
          "mountY": 0,
          "pivot": 0.5,
          "pivotX": 0.5,
          "pivotY": 0.5,
          "ref": null,
          "renderOfScreen": undefined,
          "renderToTexture": false,
          "scale": 1,
          "scaleX": 1,
          "scaleY": 1,
          "state": "",
          "tag": [Function],
          "type": "Component",
          "visible": true,
          "w": 300,
          "x": 0,
          "y": 0,
          "zIndex": 0,
        },
        "Element-17": {
          "active": true,
          "alpha": 1,
          "attached": true,
          "boundsMargin": null,
          "clipping": false,
          "color": 4294967295,
          "enabled": true,
          "flex": false,
          "flexItem": false,
          "h": 200,
          "hasFinalFocus": false,
          "hasFocus": false,
          "isComponent": true,
          "mount": 0,
          "mountX": 0,
          "mountY": 0,
          "pivot": 0.5,
          "pivotX": 0.5,
          "pivotY": 0.5,
          "ref": null,
          "renderOfScreen": undefined,
          "renderToTexture": false,
          "scale": 1,
          "scaleX": 1,
          "scaleY": 1,
          "state": "",
          "tag": [Function],
          "type": "Component",
          "visible": true,
          "w": 300,
          "x": 324,
          "y": 0,
          "zIndex": 0,
        },
        "Element-18": {
          "active": true,
          "alpha": 1,
          "attached": true,
          "boundsMargin": null,
          "clipping": false,
          "color": 4294967295,
          "enabled": true,
          "flex": false,
          "flexItem": false,
          "h": 200,
          "hasFinalFocus": false,
          "hasFocus": false,
          "isComponent": true,
          "mount": 0,
          "mountX": 0,
          "mountY": 0,
          "pivot": 0.5,
          "pivotX": 0.5,
          "pivotY": 0.5,
          "ref": null,
          "renderOfScreen": undefined,
          "renderToTexture": false,
          "scale": 1,
          "scaleX": 1,
          "scaleY": 1,
          "state": "",
          "tag": [Function],
          "type": "Component",
          "visible": true,
          "w": 300,
          "x": 648,
          "y": 0,
          "zIndex": 0,
        },
        "Element-19": {
          "active": true,
          "alpha": 1,
          "attached": true,
          "boundsMargin": null,
          "clipping": false,
          "color": 4294967295,
          "enabled": true,
          "flex": false,
          "flexItem": false,
          "h": 200,
          "hasFinalFocus": false,
          "hasFocus": false,
          "isComponent": true,
          "mount": 0,
          "mountX": 0,
          "mountY": 0,
          "pivot": 0.5,
          "pivotX": 0.5,
          "pivotY": 0.5,
          "ref": null,
          "renderOfScreen": undefined,
          "renderToTexture": false,
          "scale": 1,
          "scaleX": 1,
          "scaleY": 1,
          "state": "",
          "tag": [Function],
          "type": "Component",
          "visible": true,
          "w": 300,
          "x": 972,
          "y": 0,
          "zIndex": 0,
        },
        "Element-20": {
          "active": true,
          "alpha": 1,
          "attached": true,
          "boundsMargin": null,
          "clipping": false,
          "color": 4294967295,
          "enabled": true,
          "flex": false,
          "flexItem": false,
          "h": 200,
          "hasFinalFocus": false,
          "hasFocus": false,
          "isComponent": true,
          "mount": 0,
          "mountX": 0,
          "mountY": 0,
          "pivot": 0.5,
          "pivotX": 0.5,
          "pivotY": 0.5,
          "ref": null,
          "renderOfScreen": undefined,
          "renderToTexture": false,
          "scale": 1,
          "scaleX": 1,
          "scaleY": 1,
          "state": "",
          "tag": [Function],
          "type": "Component",
          "visible": true,
          "w": 300,
          "x": 1296,
          "y": 0,
          "zIndex": 0,
        },
        "Element-21": {
          "active": true,
          "alpha": 1,
          "attached": true,
          "boundsMargin": null,
          "clipping": false,
          "color": 4294967295,
          "enabled": true,
          "flex": false,
          "flexItem": false,
          "h": 200,
          "hasFinalFocus": false,
          "hasFocus": false,
          "isComponent": true,
          "mount": 0,
          "mountX": 0,
          "mountY": 0,
          "pivot": 0.5,
          "pivotX": 0.5,
          "pivotY": 0.5,
          "ref": null,
          "renderOfScreen": undefined,
          "renderToTexture": false,
          "scale": 1,
          "scaleX": 1,
          "scaleY": 1,
          "state": "",
          "tag": [Function],
          "type": "Component",
          "visible": true,
          "w": 300,
          "x": 1620,
          "y": 0,
          "zIndex": 0,
        },
        "Element-22": {
          "active": true,
          "alpha": 1,
          "attached": true,
          "boundsMargin": null,
          "clipping": false,
          "color": 4294967295,
          "enabled": true,
          "flex": false,
          "flexItem": false,
          "h": 200,
          "hasFinalFocus": false,
          "hasFocus": false,
          "isComponent": true,
          "mount": 0,
          "mountX": 0,
          "mountY": 0,
          "pivot": 0.5,
          "pivotX": 0.5,
          "pivotY": 0.5,
          "ref": null,
          "renderOfScreen": undefined,
          "renderToTexture": false,
          "scale": 1,
          "scaleX": 1,
          "scaleY": 1,
          "state": "",
          "tag": [Function],
          "type": "Component",
          "visible": true,
          "w": 300,
          "x": 1944,
          "y": 0,
          "zIndex": 0,
        },
      },
      "clipping": false,
      "color": 4294967295,
      "enabled": true,
      "flex": false,
      "flexItem": false,
      "h": 200,
      "isComponent": undefined,
      "mount": 0,
      "mountX": 0,
      "mountY": 0,
      "pivot": 0.5,
      "pivotX": 0.5,
      "pivotY": 0.5,
      "ref": "Items",
      "renderOfScreen": undefined,
      "renderToTexture": false,
      "scale": 1,
      "scaleX": 1,
      "scaleY": 1,
      "state": undefined,
      "tag": [Function],
      "tags": [
        "Items",
      ],
      "visible": true,
      "w": 2244,
      "x": 0,
      "y": 72,
      "zIndex": 0,
    },
    "Title": {
      "active": true,
      "alpha": 1,
      "attached": true,
      "boundsMargin": null,
      "children": {
        "Text": {
          "active": true,
          "alpha": 1,
          "attached": true,
          "boundsMargin": null,
          "clipping": false,
          "color": 4294967295,
          "enabled": true,
          "flex": false,
          "flexItem": false,
          "h": 0,
          "isComponent": undefined,
          "mount": 0,
          "mountX": 0,
          "mountY": 0,
          "pivot": 0.5,
          "pivotX": 0.5,
          "pivotY": 0.5,
          "ref": "Text",
          "renderOfScreen": undefined,
          "renderToTexture": false,
          "scale": 1,
          "scaleX": 1,
          "scaleY": 1,
          "state": undefined,
          "tag": [Function],
          "tags": [
            "Text",
          ],
          "texture": {
            "fontFace": "XfinityBrownBold",
            "fontSize": 36,
            "letterSpacing": -0.2,
            "lineHeight": 48,
            "maxLines": undefined,
            "maxLinesSuffix": "...",
            "text": "Title",
            "textBaseline": "bottom",
            "textColor": 4294375161,
            "textOverflow": "ellipsis",
            "type": "TextTexture",
            "verticalAlign": "middle",
            "wordWrapWidth": undefined,
          },
          "visible": true,
          "w": 0,
          "x": 0,
          "y": 2,
          "zIndex": 0,
        },
      },
      "clipping": false,
      "color": 4294967295,
      "enabled": true,
      "flex": false,
      "flexItem": false,
      "h": 48,
      "hasFinalFocus": false,
      "hasFocus": false,
      "isComponent": true,
      "mount": 0,
      "mountX": 0,
      "mountY": 0,
      "pivot": 0.5,
      "pivotX": 0.5,
      "pivotY": 0.5,
      "ref": "Title",
      "renderOfScreen": undefined,
      "renderToTexture": false,
      "scale": 1,
      "scaleX": 1,
      "scaleY": 1,
      "state": "",
      "tag": [Function],
      "tags": [
        "Title",
      ],
      "type": "TextBox",
      "visible": true,
      "w": 4,
      "x": 24,
      "y": 0,
      "zIndex": 0,
    },
  },
}
`;
