// Jest Snapshot v1, https://goo.gl/fbAQLP

exports[`ControlRow renders 1`] = `
{
  "Component": {
    "Items": {
      "active": true,
      "alpha": 1,
      "attached": true,
      "boundsMargin": null,
      "children": {
        "Element-37": {
          "active": true,
          "alpha": 1,
          "attached": true,
          "boundsMargin": null,
          "clipping": false,
          "color": 4294967295,
          "enabled": true,
          "flex": false,
          "flexItem": false,
          "h": 0,
          "isComponent": undefined,
          "mount": 0,
          "mountX": 0,
          "mountY": 0,
          "pivot": 0.5,
          "pivotX": 0.5,
          "pivotY": 0.5,
          "ref": null,
          "renderOfScreen": undefined,
          "renderToTexture": false,
          "scale": 1,
          "scaleX": 1,
          "scaleY": 1,
          "state": undefined,
          "tag": [Function],
          "visible": true,
          "w": 0,
          "x": 0,
          "y": 108.5,
          "zIndex": 0,
        },
        "Element-38": {
          "active": true,
          "alpha": 1,
          "attached": true,
          "boundsMargin": null,
          "clipping": false,
          "color": 4294967295,
          "enabled": true,
          "flex": false,
          "flexItem": false,
          "h": 0,
          "isComponent": undefined,
          "mount": 0,
          "mountX": 0,
          "mountY": 0,
          "pivot": 0.5,
          "pivotX": 0.5,
          "pivotY": 0.5,
          "ref": null,
          "renderOfScreen": undefined,
          "renderToTexture": false,
          "scale": 1,
          "scaleX": 1,
          "scaleY": 1,
          "state": undefined,
          "tag": [Function],
          "visible": true,
          "w": 0,
          "x": 24,
          "y": 108.5,
          "zIndex": 0,
        },
        "Element-39": {
          "active": true,
          "alpha": 1,
          "attached": true,
          "boundsMargin": null,
          "children": {
            "Background": {
              "active": true,
              "alpha": 1,
              "attached": true,
              "boundsMargin": null,
              "clipping": false,
              "color": 4294967295,
              "enabled": true,
              "flex": false,
              "flexItem": false,
              "h": 0,
              "isComponent": undefined,
              "mount": 0,
              "mountX": 0,
              "mountY": 0,
              "pivot": 0.5,
              "pivotX": 0.5,
              "pivotY": 0.5,
              "ref": "Background",
              "renderOfScreen": undefined,
              "renderToTexture": false,
              "scale": 1,
              "scaleX": 1,
              "scaleY": 1,
              "state": undefined,
              "tag": [Function],
              "tags": [
                "Background",
              ],
              "texture": {
                "type": "StaticCanvasTexture",
              },
              "visible": true,
              "w": 0,
              "x": 0,
              "y": 0,
              "zIndex": 0,
            },
            "Tile": {
              "active": true,
              "alpha": 1,
              "attached": true,
              "boundsMargin": null,
              "children": {
                "Artwork": {
                  "active": true,
                  "alpha": 0.001,
                  "attached": true,
                  "boundsMargin": null,
                  "children": {
                    "Image": {
                      "active": true,
                      "alpha": 1,
                      "attached": true,
                      "boundsMargin": null,
                      "clipping": false,
                      "color": 4294967295,
                      "enabled": true,
                      "flex": false,
                      "flexItem": false,
                      "h": 0,
                      "isComponent": undefined,
                      "mount": 0,
                      "mountX": 0,
                      "mountY": 0,
                      "pivot": 0.5,
                      "pivotX": 0.5,
                      "pivotY": 0.5,
                      "ref": "Image",
                      "renderOfScreen": undefined,
                      "renderToTexture": false,
                      "scale": 1,
                      "scaleX": 1,
                      "scaleY": 1,
                      "state": undefined,
                      "tag": [Function],
                      "tags": [
                        "Image",
                      ],
                      "visible": true,
                      "w": 0,
                      "x": 0,
                      "y": 0,
                      "zIndex": 0,
                    },
                  },
                  "clipping": false,
                  "color": 4294967295,
                  "enabled": true,
                  "flex": false,
                  "flexItem": false,
                  "h": 217,
                  "hasFinalFocus": false,
                  "hasFocus": false,
                  "isComponent": true,
                  "mount": 0.5,
                  "mountX": 0.5,
                  "mountY": 0.5,
                  "pivot": 0.5,
                  "pivotX": 0.5,
                  "pivotY": 0.5,
                  "ref": "Artwork",
                  "renderOfScreen": undefined,
                  "renderToTexture": true,
                  "scale": 1,
                  "scaleX": 1,
                  "scaleY": 1,
                  "state": "",
                  "tag": [Function],
                  "tags": [
                    "Artwork",
                  ],
                  "type": "Artwork",
                  "visible": true,
                  "w": 386,
                  "x": 193,
                  "y": 108.5,
                  "zIndex": 0,
                },
                "Content": {
                  "active": true,
                  "alpha": 1,
                  "attached": true,
                  "boundsMargin": null,
                  "clipping": false,
                  "color": 4294967295,
                  "enabled": true,
                  "flex": false,
                  "flexItem": false,
                  "h": 217,
                  "isComponent": undefined,
                  "mount": 0.5,
                  "mountX": 0.5,
                  "mountY": 0.5,
                  "pivot": 0.5,
                  "pivotX": 0.5,
                  "pivotY": 0.5,
                  "ref": "Content",
                  "renderOfScreen": undefined,
                  "renderToTexture": false,
                  "scale": 1,
                  "scaleX": 1,
                  "scaleY": 1,
                  "state": undefined,
                  "tag": [Function],
                  "tags": [
                    "Content",
                  ],
                  "visible": true,
                  "w": 386,
                  "x": 193,
                  "y": 108.5,
                  "zIndex": 0,
                },
              },
              "clipping": false,
              "color": 4294967295,
              "enabled": true,
              "flex": false,
              "flexItem": false,
              "h": 0,
              "isComponent": undefined,
              "mount": 0,
              "mountX": 0,
              "mountY": 0,
              "pivot": 0.5,
              "pivotX": 0.5,
              "pivotY": 0.5,
              "ref": "Tile",
              "renderOfScreen": undefined,
              "renderToTexture": false,
              "scale": 1,
              "scaleX": 1,
              "scaleY": 1,
              "state": undefined,
              "tag": [Function],
              "tags": [
                "Tile",
              ],
              "visible": true,
              "w": 0,
              "x": 0,
              "y": 0,
              "zIndex": 0,
            },
          },
          "clipping": false,
          "color": 4294967295,
          "enabled": true,
          "flex": false,
          "flexItem": false,
          "h": 217,
          "hasFinalFocus": true,
          "hasFocus": true,
          "isComponent": true,
          "mount": 0,
          "mountX": 0,
          "mountY": 0,
          "pivot": 0.5,
          "pivotX": 0.5,
          "pivotY": 0.5,
          "ref": null,
          "renderOfScreen": undefined,
          "renderToTexture": false,
          "scale": 1,
          "scaleX": 1,
          "scaleY": 1,
          "state": "",
          "tag": [Function],
          "type": "Tile",
          "visible": true,
          "w": 386,
          "x": 48,
          "y": 0,
          "zIndex": 0,
        },
        "Element-45": {
          "active": true,
          "alpha": 1,
          "attached": true,
          "boundsMargin": null,
          "children": {
            "Background": {
              "active": true,
              "alpha": 1,
              "attached": true,
              "boundsMargin": null,
              "clipping": false,
              "color": 4294967295,
              "enabled": true,
              "flex": false,
              "flexItem": false,
              "h": 0,
              "isComponent": undefined,
              "mount": 0,
              "mountX": 0,
              "mountY": 0,
              "pivot": 0.5,
              "pivotX": 0.5,
              "pivotY": 0.5,
              "ref": "Background",
              "renderOfScreen": undefined,
              "renderToTexture": false,
              "scale": 1,
              "scaleX": 1,
              "scaleY": 1,
              "state": undefined,
              "tag": [Function],
              "tags": [
                "Background",
              ],
              "texture": {
                "type": "StaticCanvasTexture",
              },
              "visible": true,
              "w": 0,
              "x": 0,
              "y": 0,
              "zIndex": 0,
            },
            "Tile": {
              "active": true,
              "alpha": 1,
              "attached": true,
              "boundsMargin": null,
              "children": {
                "Artwork": {
                  "active": true,
                  "alpha": 0.001,
                  "attached": true,
                  "boundsMargin": null,
                  "children": {
                    "Image": {
                      "active": true,
                      "alpha": 1,
                      "attached": true,
                      "boundsMargin": null,
                      "clipping": false,
                      "color": 4294967295,
                      "enabled": true,
                      "flex": false,
                      "flexItem": false,
                      "h": 0,
                      "isComponent": undefined,
                      "mount": 0,
                      "mountX": 0,
                      "mountY": 0,
                      "pivot": 0.5,
                      "pivotX": 0.5,
                      "pivotY": 0.5,
                      "ref": "Image",
                      "renderOfScreen": undefined,
                      "renderToTexture": false,
                      "scale": 1,
                      "scaleX": 1,
                      "scaleY": 1,
                      "state": undefined,
                      "tag": [Function],
                      "tags": [
                        "Image",
                      ],
                      "visible": true,
                      "w": 0,
                      "x": 0,
                      "y": 0,
                      "zIndex": 0,
                    },
                  },
                  "clipping": false,
                  "color": 4294967295,
                  "enabled": true,
                  "flex": false,
                  "flexItem": false,
                  "h": 217,
                  "hasFinalFocus": false,
                  "hasFocus": false,
                  "isComponent": true,
                  "mount": 0.5,
                  "mountX": 0.5,
                  "mountY": 0.5,
                  "pivot": 0.5,
                  "pivotX": 0.5,
                  "pivotY": 0.5,
                  "ref": "Artwork",
                  "renderOfScreen": undefined,
                  "renderToTexture": true,
                  "scale": 1,
                  "scaleX": 1,
                  "scaleY": 1,
                  "state": "",
                  "tag": [Function],
                  "tags": [
                    "Artwork",
                  ],
                  "type": "Artwork",
                  "visible": true,
                  "w": 386,
                  "x": 193,
                  "y": 108.5,
                  "zIndex": 0,
                },
                "Content": {
                  "active": true,
                  "alpha": 1,
                  "attached": true,
                  "boundsMargin": null,
                  "clipping": false,
                  "color": 4294967295,
                  "enabled": true,
                  "flex": false,
                  "flexItem": false,
                  "h": 217,
                  "isComponent": undefined,
                  "mount": 0.5,
                  "mountX": 0.5,
                  "mountY": 0.5,
                  "pivot": 0.5,
                  "pivotX": 0.5,
                  "pivotY": 0.5,
                  "ref": "Content",
                  "renderOfScreen": undefined,
                  "renderToTexture": false,
                  "scale": 1,
                  "scaleX": 1,
                  "scaleY": 1,
                  "state": undefined,
                  "tag": [Function],
                  "tags": [
                    "Content",
                  ],
                  "visible": true,
                  "w": 386,
                  "x": 193,
                  "y": 108.5,
                  "zIndex": 0,
                },
              },
              "clipping": false,
              "color": 4294967295,
              "enabled": true,
              "flex": false,
              "flexItem": false,
              "h": 0,
              "isComponent": undefined,
              "mount": 0,
              "mountX": 0,
              "mountY": 0,
              "pivot": 0.5,
              "pivotX": 0.5,
              "pivotY": 0.5,
              "ref": "Tile",
              "renderOfScreen": undefined,
              "renderToTexture": false,
              "scale": 1,
              "scaleX": 1,
              "scaleY": 1,
              "state": undefined,
              "tag": [Function],
              "tags": [
                "Tile",
              ],
              "visible": true,
              "w": 0,
              "x": 0,
              "y": 0,
              "zIndex": 0,
            },
          },
          "clipping": false,
          "color": 4294967295,
          "enabled": true,
          "flex": false,
          "flexItem": false,
          "h": 217,
          "hasFinalFocus": false,
          "hasFocus": false,
          "isComponent": true,
          "mount": 0,
          "mountX": 0,
          "mountY": 0,
          "pivot": 0.5,
          "pivotX": 0.5,
          "pivotY": 0.5,
          "ref": null,
          "renderOfScreen": undefined,
          "renderToTexture": false,
          "scale": 1,
          "scaleX": 1,
          "scaleY": 1,
          "state": "",
          "tag": [Function],
          "type": "Tile",
          "visible": true,
          "w": 386,
          "x": 458,
          "y": 0,
          "zIndex": 0,
        },
        "Element-51": {
          "active": true,
          "alpha": 1,
          "attached": true,
          "boundsMargin": null,
          "clipping": false,
          "color": 4294967295,
          "enabled": true,
          "flex": false,
          "flexItem": false,
          "h": 0,
          "isComponent": undefined,
          "mount": 0,
          "mountX": 0,
          "mountY": 0,
          "pivot": 0.5,
          "pivotX": 0.5,
          "pivotY": 0.5,
          "ref": null,
          "renderOfScreen": undefined,
          "renderToTexture": false,
          "scale": 1,
          "scaleX": 1,
          "scaleY": 1,
          "state": undefined,
          "tag": [Function],
          "visible": true,
          "w": 0,
          "x": 868,
          "y": 108.5,
          "zIndex": 0,
        },
        "Element-52": {
          "active": true,
          "alpha": 1,
          "attached": true,
          "boundsMargin": null,
          "clipping": false,
          "color": 4294967295,
          "enabled": true,
          "flex": false,
          "flexItem": false,
          "h": 0,
          "isComponent": undefined,
          "mount": 0,
          "mountX": 0,
          "mountY": 0,
          "pivot": 0.5,
          "pivotX": 0.5,
          "pivotY": 0.5,
          "ref": null,
          "renderOfScreen": undefined,
          "renderToTexture": false,
          "scale": 1,
          "scaleX": 1,
          "scaleY": 1,
          "state": undefined,
          "tag": [Function],
          "visible": true,
          "w": 0,
          "x": 892,
          "y": 108.5,
          "zIndex": 0,
        },
      },
      "clipping": false,
      "color": 4294967295,
      "enabled": true,
      "flex": false,
      "flexItem": false,
      "h": 217,
      "isComponent": undefined,
      "mount": 0,
      "mountX": 0,
      "mountY": 0,
      "pivot": 0.5,
      "pivotX": 0.5,
      "pivotY": 0.5,
      "ref": "Items",
      "renderOfScreen": undefined,
      "renderToTexture": false,
      "scale": 1,
      "scaleX": 1,
      "scaleY": 1,
      "state": undefined,
      "tag": [Function],
      "tags": [
        "Items",
      ],
      "visible": true,
      "w": 892,
      "x": -48,
      "y": 72,
      "zIndex": 0,
    },
    "Title": {
      "active": true,
      "alpha": 1,
      "attached": true,
      "boundsMargin": null,
      "children": {
        "Text": {
          "active": true,
          "alpha": 1,
          "attached": true,
          "boundsMargin": null,
          "clipping": false,
          "color": 4294967295,
          "enabled": true,
          "flex": false,
          "flexItem": false,
          "h": 0,
          "isComponent": undefined,
          "mount": 0,
          "mountX": 0,
          "mountY": 0,
          "pivot": 0.5,
          "pivotX": 0.5,
          "pivotY": 0.5,
          "ref": "Text",
          "renderOfScreen": undefined,
          "renderToTexture": false,
          "scale": 1,
          "scaleX": 1,
          "scaleY": 1,
          "state": undefined,
          "tag": [Function],
          "tags": [
            "Text",
          ],
          "texture": {
            "fontFace": "XfinityBrownBold",
            "fontSize": 36,
            "letterSpacing": -0.2,
            "lineHeight": 48,
            "maxLinesSuffix": "...",
            "text": "Title",
            "textBaseline": "bottom",
            "textColor": 4294375161,
            "textOverflow": "ellipsis",
            "type": "TextTexture",
            "verticalAlign": "middle",
          },
          "visible": true,
          "w": 0,
          "x": 0,
          "y": 2,
          "zIndex": 0,
        },
      },
      "clipping": false,
      "color": 4294967295,
      "enabled": true,
      "flex": false,
      "flexItem": false,
      "h": 48,
      "hasFinalFocus": false,
      "hasFocus": false,
      "isComponent": true,
      "mount": 0,
      "mountX": 0,
      "mountY": 0,
      "pivot": 0.5,
      "pivotX": 0.5,
      "pivotY": 0.5,
      "ref": "Title",
      "renderOfScreen": undefined,
      "renderToTexture": false,
      "scale": 1,
      "scaleX": 1,
      "scaleY": 1,
      "state": "",
      "tag": [Function],
      "tags": [
        "Title",
      ],
      "type": "TextBox",
      "visible": true,
      "w": 4,
      "x": 24,
      "y": 0,
      "zIndex": 0,
    },
  },
}
`;
