// Jest Snapshot v1, https://goo.gl/fbAQLP

exports[`Tab renders 1`] = `
{
  "Component": {
    "Background": {
      "active": false,
      "alpha": 1,
      "attached": true,
      "boundsMargin": null,
      "clipping": false,
      "color": 4294967295,
      "enabled": true,
      "flex": false,
      "flexItem": false,
      "h": 0,
      "isComponent": undefined,
      "mount": 0,
      "mountX": 0,
      "mountY": 0,
      "pivot": 0.5,
      "pivotX": 0.5,
      "pivotY": 0.5,
      "ref": "Background",
      "renderOfScreen": undefined,
      "renderToTexture": false,
      "scale": 1,
      "scaleX": 1,
      "scaleY": 1,
      "state": undefined,
      "tag": [Function],
      "tags": [
        "Background",
      ],
      "texture": {
        "type": "StaticCanvasTexture",
      },
      "visible": true,
      "w": 0,
      "x": 0,
      "y": 0,
      "zIndex": 0,
    },
    "Content": {
      "active": false,
      "alpha": 1,
      "attached": true,
      "boundsMargin": null,
      "children": {
        "Icon": {
          "active": false,
          "alpha": 1,
          "attached": true,
          "boundsMargin": null,
          "clipping": false,
          "color": "fff6f6f9",
          "enabled": true,
          "flex": false,
          "flexItem": false,
          "h": 40,
          "hasFinalFocus": false,
          "hasFocus": false,
          "isComponent": true,
          "mount": 0,
          "mountX": 0,
          "mountY": 0.5,
          "pivot": 0.5,
          "pivotX": 0.5,
          "pivotY": 0.5,
          "ref": "Icon",
          "renderOfScreen": undefined,
          "renderToTexture": false,
          "scale": 1,
          "scaleX": 1,
          "scaleY": 1,
          "state": "",
          "tag": [Function],
          "tags": [
            "Icon",
          ],
          "type": "Icon",
          "visible": true,
          "w": 40,
          "x": 0,
          "y": 0,
          "zIndex": 0,
        },
        "Text": {
          "active": false,
          "alpha": 0.001,
          "attached": true,
          "boundsMargin": null,
          "children": {
            "Text": {
              "active": false,
              "alpha": 1,
              "attached": true,
              "boundsMargin": null,
              "clipping": false,
              "color": 4294967295,
              "enabled": true,
              "flex": false,
              "flexItem": false,
              "h": 0,
              "isComponent": undefined,
              "mount": 0,
              "mountX": 0,
              "mountY": 0,
              "pivot": 0.5,
              "pivotX": 0.5,
              "pivotY": 0.5,
              "ref": "Text",
              "renderOfScreen": undefined,
              "renderToTexture": false,
              "scale": 1,
              "scaleX": 1,
              "scaleY": 1,
              "state": undefined,
              "tag": [Function],
              "tags": [
                "Text",
              ],
              "texture": {
                "fontFace": "XfinityBrownBold",
                "fontSize": 28,
                "letterSpacing": -0.2,
                "lineHeight": 40,
                "maxLines": undefined,
                "maxLinesSuffix": "...",
                "text": "Tab",
                "textBaseline": "bottom",
                "textColor": 4294375161,
                "textOverflow": "ellipsis",
                "type": "TextTexture",
                "verticalAlign": "middle",
                "wordWrapWidth": undefined,
              },
              "visible": true,
              "w": 0,
              "x": 0,
              "y": 2,
              "zIndex": 0,
            },
          },
          "clipping": false,
          "color": 4294967295,
          "enabled": true,
          "flex": false,
          "flexItem": false,
          "h": 0,
          "hasFinalFocus": false,
          "hasFocus": false,
          "isComponent": true,
          "mount": 0,
          "mountX": 0,
          "mountY": 0.5,
          "pivot": 0.5,
          "pivotX": 0.5,
          "pivotY": 0.5,
          "ref": "Text",
          "renderOfScreen": undefined,
          "renderToTexture": false,
          "scale": 1,
          "scaleX": 1,
          "scaleY": 1,
          "state": "",
          "tag": [Function],
          "tags": [
            "Text",
          ],
          "type": "TextBox",
          "visible": true,
          "w": 0,
          "x": 48,
          "y": 0,
          "zIndex": 0,
        },
      },
      "clipping": false,
      "color": 4294967295,
      "enabled": true,
      "flex": false,
      "flexItem": false,
      "h": 40,
      "isComponent": undefined,
      "mount": 0.5,
      "mountX": 0.5,
      "mountY": 0.5,
      "pivot": 0.5,
      "pivotX": 0.5,
      "pivotY": 0.5,
      "ref": "Content",
      "renderOfScreen": undefined,
      "renderToTexture": false,
      "scale": 1,
      "scaleX": 1,
      "scaleY": 1,
      "state": undefined,
      "tag": [Function],
      "tags": [
        "Content",
      ],
      "visible": true,
      "w": 48,
      "x": [Function],
      "y": [Function],
      "zIndex": 0,
    },
  },
}
`;
