// Jest Snapshot v1, https://goo.gl/fbAQLP

exports[`DataItem renders 1`] = `
Object {
  "Component": Object {
    "Background": Object {
      "active": false,
      "alpha": 1,
      "attached": true,
      "boundsMargin": null,
      "clipping": false,
      "color": "7a232328",
      "enabled": true,
      "flex": false,
      "flexItem": false,
      "h": 0,
      "isComponent": undefined,
      "mount": 0,
      "mountX": 0,
      "mountY": 0,
      "pivot": 0.5,
      "pivotX": 0.5,
      "pivotY": 0.5,
      "ref": "Background",
      "renderOfScreen": undefined,
      "renderToTexture": false,
      "scale": 1,
      "scaleX": 1,
      "scaleY": 1,
      "state": undefined,
      "tag": [Function],
      "tags": Array [
        "Background",
      ],
      "texture": Object {
        "type": "RectangleTexture",
      },
      "visible": true,
      "w": 0,
      "x": 0,
      "y": 0,
      "zIndex": 1,
    },
    "Content": Object {
      "active": false,
      "alpha": 1,
      "attached": true,
      "boundsMargin": null,
      "clipping": false,
      "color": 4294967295,
      "enabled": true,
      "flex": false,
      "flexItem": false,
      "h": NaN,
      "isComponent": undefined,
      "mount": 0,
      "mountX": 0,
      "mountY": 0,
      "pivot": 0.5,
      "pivotX": 0.5,
      "pivotY": 0.5,
      "ref": "Content",
      "renderOfScreen": undefined,
      "renderToTexture": false,
      "scale": 1,
      "scaleX": 1,
      "scaleY": 1,
      "state": undefined,
      "tag": [Function],
      "tags": Array [
        "Content",
      ],
      "visible": true,
      "w": NaN,
      "x": 0,
      "y": 0,
      "zIndex": 2,
    },
  },
}
`;
