// Jest Snapshot v1, https://goo.gl/fbAQLP

exports[`withLayout renders 1`] = `
Object {
  "Component": Object {
    "Artwork": Object {
      "active": false,
      "alpha": 0.001,
      "attached": true,
      "boundsMargin": null,
      "children": Object {
        "Image": Object {
          "active": false,
          "alpha": 1,
          "attached": true,
          "boundsMargin": null,
          "clipping": false,
          "color": 4294967295,
          "enabled": true,
          "flex": false,
          "flexItem": false,
          "h": 0,
          "isComponent": undefined,
          "mount": 0,
          "mountX": 0,
          "mountY": 0,
          "pivot": 0.5,
          "pivotX": 0.5,
          "pivotY": 0.5,
          "ref": "Image",
          "renderOfScreen": undefined,
          "renderToTexture": false,
          "scale": 1,
          "scaleX": 1,
          "scaleY": 1,
          "state": undefined,
          "tag": [Function],
          "tags": Array [
            "Image",
          ],
          "texture": Object {
            "src": "./images/default_background.png",
            "type": "ImageTexture",
          },
          "visible": true,
          "w": 0,
          "x": 0,
          "y": 0,
          "zIndex": 1,
        },
      },
      "clipping": false,
      "color": 4294967295,
      "enabled": true,
      "flex": false,
      "flexItem": false,
      "h": 0,
      "hasFinalFocus": false,
      "hasFocus": false,
      "isComponent": true,
      "mount": 0.5,
      "mountX": 0.5,
      "mountY": 0.5,
      "pivot": 0.5,
      "pivotX": 0.5,
      "pivotY": 0.5,
      "ref": "Artwork",
      "renderOfScreen": undefined,
      "renderToTexture": true,
      "scale": 1,
      "scaleX": 1,
      "scaleY": 1,
      "state": "",
      "tag": [Function],
      "tags": Array [
        "Artwork",
      ],
      "type": "Artwork",
      "visible": true,
      "w": 0,
      "x": 0,
      "y": 0,
      "zIndex": 0,
    },
    "Background": Object {
      "active": false,
      "alpha": 1,
      "attached": true,
      "boundsMargin": null,
      "clipping": false,
      "color": 4294967295,
      "enabled": true,
      "flex": false,
      "flexItem": false,
      "h": 0,
      "isComponent": undefined,
      "mount": 0,
      "mountX": 0,
      "mountY": 0,
      "pivot": 0.5,
      "pivotX": 0.5,
      "pivotY": 0.5,
      "ref": "Background",
      "renderOfScreen": undefined,
      "renderToTexture": false,
      "scale": 1,
      "scaleX": 1,
      "scaleY": 1,
      "state": undefined,
      "tag": [Function],
      "tags": Array [
        "Background",
      ],
      "texture": Object {
        "type": "StaticCanvasTexture",
      },
      "visible": true,
      "w": 0,
      "x": 0,
      "y": 0,
      "zIndex": 0,
    },
  },
}
`;
