// Jest Snapshot v1, https://goo.gl/fbAQLP

exports[`ScrollWrapper renders 1`] = `
Object {
  "Component": Object {
    "ScrollBarContainer": Object {
      "active": true,
      "alpha": 1,
      "attached": true,
      "boundsMargin": null,
      "children": Object {
        "ScrollBar": Object {
          "active": true,
          "alpha": 1,
          "attached": true,
          "boundsMargin": null,
          "clipping": false,
          "color": 4294967295,
          "enabled": true,
          "flex": false,
          "flexItem": false,
          "h": 16,
          "isComponent": undefined,
          "mount": 0,
          "mountX": 0,
          "mountY": 0,
          "pivot": 0.5,
          "pivotX": 0.5,
          "pivotY": 0.5,
          "ref": "ScrollBar",
          "renderOfScreen": undefined,
          "renderToTexture": false,
          "scale": 1,
          "scaleX": 1,
          "scaleY": 1,
          "state": undefined,
          "tag": [Function],
          "tags": Array [
            "ScrollBar",
          ],
          "texture": Object {
            "type": "RectangleTexture",
          },
          "visible": true,
          "w": 16,
          "x": -4,
          "y": 0,
          "zIndex": 0,
        },
      },
      "clipping": false,
      "color": "aaffffff",
      "enabled": true,
      "flex": false,
      "flexItem": false,
      "h": 100,
      "isComponent": undefined,
      "mount": 0,
      "mountX": 0,
      "mountY": 0,
      "pivot": 0.5,
      "pivotX": 0.5,
      "pivotY": 0.5,
      "ref": "ScrollBarContainer",
      "renderOfScreen": undefined,
      "renderToTexture": false,
      "scale": 1,
      "scaleX": 1,
      "scaleY": 1,
      "state": undefined,
      "tag": [Function],
      "tags": Array [
        "ScrollBarContainer",
      ],
      "texture": Object {
        "type": "RectangleTexture",
      },
      "visible": true,
      "w": 8,
      "x": 84,
      "y": 0,
      "zIndex": 0,
    },
    "ScrollContainer": Object {
      "active": true,
      "alpha": 1,
      "attached": true,
      "boundsMargin": null,
      "clipping": false,
      "color": 4294967295,
      "enabled": true,
      "flex": false,
      "flexItem": false,
      "h": 214,
      "isComponent": undefined,
      "mount": 0,
      "mountX": 0,
      "mountY": 0,
      "pivot": 0.5,
      "pivotX": 0.5,
      "pivotY": 0.5,
      "ref": "ScrollContainer",
      "renderOfScreen": undefined,
      "renderToTexture": false,
      "scale": 1,
      "scaleX": 1,
      "scaleY": 1,
      "state": undefined,
      "tag": [Function],
      "tags": Array [
        "ScrollContainer",
      ],
      "texture": Object {
        "fontFace": "XfinityStandardMedium",
        "fontSize": 28,
        "lineHeight": 40,
        "text": "Lorem ipsum dolor sit amet, consectetur adipiscing elit. Proin eu aliquam libero. Sed ipsum ligula, egestas et sollicitudin eget, pulvinar et neque. Curabitur commodo nisi sit amet ligula ultrices, a sodales ante consequat. Ut ullamcorper odio et erat sagittis volutpat. Cras consequat dolor in nisi sagittis, quis volutpat mi tempor. Praesent condimentum quis purus eget sodales. Praesent tempus suscipit felis, quis gravida massa tempor ut.",
        "type": "TextTexture",
        "verticalAlign": "middle",
        "w": 100,
      },
      "visible": true,
      "w": 74,
      "x": 0,
      "y": 0,
      "zIndex": 0,
    },
  },
}
`;
