// Jest Snapshot v1, https://goo.gl/fbAQLP

exports[`Slider renders 1`] = `
{
  "Component": {
    "Container": {
      "active": true,
      "alpha": 1,
      "attached": true,
      "boundsMargin": null,
      "children": {
        "Bar": {
          "active": true,
          "alpha": 1,
          "attached": true,
          "boundsMargin": null,
          "children": {
            "Circle": {
              "active": false,
              "alpha": 0,
              "attached": true,
              "boundsMargin": null,
              "clipping": false,
              "color": 4294967295,
              "enabled": false,
              "flex": false,
              "flexItem": false,
              "h": 20,
              "hasFinalFocus": false,
              "hasFocus": false,
              "isComponent": true,
              "mount": 0.5,
              "mountX": 0.5,
              "mountY": 0.5,
              "pivot": 0.5,
              "pivotX": 0.5,
              "pivotY": 0.5,
              "ref": "Circle",
              "renderOfScreen": undefined,
              "renderToTexture": false,
              "scale": 1,
              "scaleX": 1,
              "scaleY": 1,
              "state": "",
              "tag": [Function],
              "tags": [
                "Circle",
              ],
              "type": "Knob",
              "visible": true,
              "w": 20,
              "x": 0,
              "y": 13,
              "zIndex": 5,
            },
            "SliderBar": {
              "active": true,
              "alpha": 1,
              "attached": true,
              "boundsMargin": null,
              "children": {
                "Bar": {
                  "active": true,
                  "alpha": 1,
                  "attached": true,
                  "boundsMargin": null,
                  "clipping": false,
                  "color": 4294967295,
                  "enabled": true,
                  "flex": false,
                  "flexItem": false,
                  "h": 0,
                  "isComponent": undefined,
                  "mount": 0,
                  "mountX": 0,
                  "mountY": 0,
                  "pivot": 0.5,
                  "pivotX": 0.5,
                  "pivotY": 0.5,
                  "ref": "Bar",
                  "renderOfScreen": undefined,
                  "renderToTexture": false,
                  "scale": 1,
                  "scaleX": 1,
                  "scaleY": 1,
                  "state": undefined,
                  "tag": [Function],
                  "tags": [
                    "Bar",
                  ],
                  "texture": {
                    "type": "StaticCanvasTexture",
                  },
                  "visible": true,
                  "w": 0,
                  "x": 0,
                  "y": 0,
                  "zIndex": 1,
                },
                "Progress": {
                  "active": false,
                  "alpha": 0,
                  "attached": true,
                  "boundsMargin": null,
                  "clipping": false,
                  "color": 4294967295,
                  "enabled": false,
                  "flex": false,
                  "flexItem": false,
                  "h": 0,
                  "isComponent": undefined,
                  "mount": 0,
                  "mountX": 0,
                  "mountY": 0,
                  "pivot": 0.5,
                  "pivotX": 0.5,
                  "pivotY": 0.5,
                  "ref": "Progress",
                  "renderOfScreen": undefined,
                  "renderToTexture": false,
                  "scale": 1,
                  "scaleX": 1,
                  "scaleY": 1,
                  "state": undefined,
                  "tag": [Function],
                  "tags": [
                    "Progress",
                  ],
                  "texture": {
                    "type": "StaticCanvasTexture",
                  },
                  "visible": true,
                  "w": 0,
                  "x": 0,
                  "y": 0,
                  "zIndex": 2,
                },
              },
              "clipping": false,
              "color": 4294967295,
              "enabled": true,
              "flex": false,
              "flexItem": false,
              "h": 10,
              "hasFinalFocus": false,
              "hasFocus": false,
              "isComponent": true,
              "mount": 0,
              "mountX": 0,
              "mountY": 0.5,
              "pivot": 0.5,
              "pivotX": 0.5,
              "pivotY": 0.5,
              "ref": "SliderBar",
              "renderOfScreen": undefined,
              "renderToTexture": false,
              "scale": 1,
              "scaleX": 1,
              "scaleY": 1,
              "state": "",
              "tag": [Function],
              "tags": [
                "SliderBar",
              ],
              "type": "ProgressBar",
              "visible": true,
              "w": 208,
              "x": 0,
              "y": 12,
              "zIndex": 0,
            },
          },
          "clipping": false,
          "color": 4294967295,
          "enabled": true,
          "flex": false,
          "flexItem": false,
          "h": 0,
          "isComponent": undefined,
          "mount": 0,
          "mountX": 0,
          "mountY": 0.5,
          "pivot": 0.5,
          "pivotX": 0.5,
          "pivotY": 0.5,
          "ref": "Bar",
          "renderOfScreen": undefined,
          "renderToTexture": false,
          "scale": 1,
          "scaleX": 1,
          "scaleY": 1,
          "state": undefined,
          "tag": [Function],
          "tags": [
            "Bar",
          ],
          "visible": true,
          "w": 0,
          "x": 50,
          "y": 0,
          "zIndex": 0,
        },
        "LeftArrow": {
          "active": true,
          "alpha": 0.5,
          "attached": true,
          "boundsMargin": null,
          "clipping": false,
          "color": "fff8f7fa",
          "enabled": true,
          "flex": false,
          "flexItem": false,
          "h": 40,
          "hasFinalFocus": false,
          "hasFocus": false,
          "isComponent": true,
          "mount": 0,
          "mountX": 0,
          "mountY": 0.5,
          "pivot": 0.5,
          "pivotX": 0.5,
          "pivotY": 0.5,
          "ref": "LeftArrow",
          "renderOfScreen": undefined,
          "renderToTexture": false,
          "scale": 1,
          "scaleX": 1,
          "scaleY": 1,
          "state": "",
          "tag": [Function],
          "tags": [
            "LeftArrow",
          ],
          "texture": {
            "h": 40,
            "src": "data:image/png;base64,iVBORw0KGgoAAAANSUhEUgAAABgAAAAYCAYAAADgdz34AAAAAXNSR0IArs4c6QAAAERlWElmTU0AKgAAAAgAAYdpAAQAAAABAAAAGgAAAAAAA6ABAAMAAAABAAEAAKACAAQAAAABAAAAGKADAAQAAAABAAAAGAAAAADiNXWtAAAAi0lEQVRIDWNgGAWjIfD//38JID5Fk5AAGqwKxPeA+D/VLQCaaQLEr0CGgwBVLQCa5wbEn0EGwwDVLAAaGA3Ev2AGw2iqWAA0rBiI/8EMRaYptgBoWDeygehsci1gIlcjWfqArqZdEMFcBLSEdpGMZAntkimSJbTLaEiW0K6oQLKEdoUdzJJRemiHAAD4n+yzPWCs7QAAAABJRU5ErkJggg==",
            "type": "CustomImageTexture",
            "w": 40,
          },
          "type": "Icon",
          "visible": true,
          "w": 40,
          "x": 0,
          "y": [Function],
          "zIndex": 0,
        },
        "RightArrow": {
          "active": true,
          "alpha": 1,
          "attached": true,
          "boundsMargin": null,
          "clipping": false,
          "color": "fff8f7fa",
          "enabled": true,
          "flex": false,
          "flexItem": false,
          "h": 40,
          "hasFinalFocus": false,
          "hasFocus": false,
          "isComponent": true,
          "mount": 0,
          "mountX": 0,
          "mountY": 0.5,
          "pivot": 0.5,
          "pivotX": 0.5,
          "pivotY": 0.5,
          "ref": "RightArrow",
          "renderOfScreen": undefined,
          "renderToTexture": false,
          "scale": 1,
          "scaleX": 1,
          "scaleY": 1,
          "state": "",
          "tag": [Function],
          "tags": [
            "RightArrow",
          ],
          "texture": {
            "h": 40,
            "src": "data:image/png;base64,iVBORw0KGgoAAAANSUhEUgAAABgAAAAYCAYAAADgdz34AAAAAXNSR0IArs4c6QAAAERlWElmTU0AKgAAAAgAAYdpAAQAAAABAAAAGgAAAAAAA6ABAAMAAAABAAEAAKACAAQAAAABAAAAGKADAAQAAAABAAAAGAAAAADiNXWtAAAAg0lEQVRIDWNgGAWjIYArBP7//38KiCVwyVMsDjQcBO4BsSrFhmEzAGw8hHgFpEywqaFIDMkCEPMzELtRZCC6ZjQLQNxfQByNro5sPhYLQEL/gLiYbEORNeKwACbcDVPLBGMMOhrmVDSapkFE00imaTKlaUajaVFB28Ju0CXrUQfhDAEAEgHss6NhpLQAAAAASUVORK5CYII=",
            "type": "CustomImageTexture",
            "w": 40,
          },
          "type": "Icon",
          "visible": true,
          "w": 40,
          "x": 268,
          "y": [Function],
          "zIndex": 0,
        },
      },
      "clipping": false,
      "color": 4294967295,
      "enabled": true,
      "flex": false,
      "flexItem": false,
      "h": 24,
      "isComponent": undefined,
      "mount": 0,
      "mountX": 0,
      "mountY": 0.5,
      "pivot": 0.5,
      "pivotX": 0.5,
      "pivotY": 0.5,
      "ref": "Container",
      "renderOfScreen": undefined,
      "renderToTexture": false,
      "scale": 1,
      "scaleX": 1,
      "scaleY": 1,
      "state": undefined,
      "tag": [Function],
      "tags": [
        "Container",
      ],
      "visible": true,
      "w": 20,
      "x": 0,
      "y": [Function],
      "zIndex": 0,
    },
  },
}
`;

exports[`Slider sets properties 1`] = `
{
  "Component": {
    "Container": {
      "active": true,
      "alpha": 1,
      "attached": true,
      "boundsMargin": null,
      "children": {
        "Bar": {
          "active": true,
          "alpha": 1,
          "attached": true,
          "boundsMargin": null,
          "children": {
            "Circle": {
              "active": false,
              "alpha": 0,
              "attached": true,
              "boundsMargin": null,
              "clipping": false,
              "color": 4294967295,
              "enabled": false,
              "flex": false,
              "flexItem": false,
              "h": 20,
              "hasFinalFocus": false,
              "hasFocus": false,
              "isComponent": true,
              "mount": 0.5,
              "mountX": 0.5,
              "mountY": 0.5,
              "pivot": 0.5,
              "pivotX": 0.5,
              "pivotY": 0.5,
              "ref": "Circle",
              "renderOfScreen": undefined,
              "renderToTexture": false,
              "scale": 1,
              "scaleX": 1,
              "scaleY": 1,
              "state": "",
              "tag": [Function],
              "tags": [
                "Circle",
              ],
              "type": "Knob",
              "visible": true,
              "w": 20,
              "x": 104,
              "y": 13,
              "zIndex": 5,
            },
            "SliderBar": {
              "active": true,
              "alpha": 1,
              "attached": true,
              "boundsMargin": null,
              "children": {
                "Bar": {
                  "active": true,
                  "alpha": 1,
                  "attached": true,
                  "boundsMargin": null,
                  "clipping": false,
                  "color": 4294967295,
                  "enabled": true,
                  "flex": false,
                  "flexItem": false,
                  "h": 0,
                  "isComponent": undefined,
                  "mount": 0,
                  "mountX": 0,
                  "mountY": 0,
                  "pivot": 0.5,
                  "pivotX": 0.5,
                  "pivotY": 0.5,
                  "ref": "Bar",
                  "renderOfScreen": undefined,
                  "renderToTexture": false,
                  "scale": 1,
                  "scaleX": 1,
                  "scaleY": 1,
                  "state": undefined,
                  "tag": [Function],
                  "tags": [
                    "Bar",
                  ],
                  "texture": {
                    "type": "StaticCanvasTexture",
                  },
                  "visible": true,
                  "w": 0,
                  "x": 0,
                  "y": 0,
                  "zIndex": 1,
                },
                "Progress": {
                  "active": true,
                  "alpha": 1,
                  "attached": true,
                  "boundsMargin": null,
                  "clipping": false,
                  "color": 4294967295,
                  "enabled": true,
                  "flex": false,
                  "flexItem": false,
                  "h": 0,
                  "isComponent": undefined,
                  "mount": 0,
                  "mountX": 0,
                  "mountY": 0,
                  "pivot": 0.5,
                  "pivotX": 0.5,
                  "pivotY": 0.5,
                  "ref": "Progress",
                  "renderOfScreen": undefined,
                  "renderToTexture": false,
                  "scale": 1,
                  "scaleX": 1,
                  "scaleY": 1,
                  "state": undefined,
                  "tag": [Function],
                  "tags": [
                    "Progress",
                  ],
                  "texture": {
                    "type": "StaticCanvasTexture",
                  },
                  "visible": true,
                  "w": 8.320000187412864,
                  "x": 0,
                  "y": 0,
                  "zIndex": 2,
                },
              },
              "clipping": false,
              "color": 4294967295,
              "enabled": true,
              "flex": false,
              "flexItem": false,
              "h": 10,
              "hasFinalFocus": false,
              "hasFocus": false,
              "isComponent": true,
              "mount": 0,
              "mountX": 0,
              "mountY": 0.5,
              "pivot": 0.5,
              "pivotX": 0.5,
              "pivotY": 0.5,
              "ref": "SliderBar",
              "renderOfScreen": undefined,
              "renderToTexture": false,
              "scale": 1,
              "scaleX": 1,
              "scaleY": 1,
              "state": "",
              "tag": [Function],
              "tags": [
                "SliderBar",
              ],
              "type": "ProgressBar",
              "visible": true,
              "w": 208,
              "x": 0,
              "y": 12,
              "zIndex": 0,
            },
          },
          "clipping": false,
          "color": 4294967295,
          "enabled": true,
          "flex": false,
          "flexItem": false,
          "h": 0,
          "isComponent": undefined,
          "mount": 0,
          "mountX": 0,
          "mountY": 0.5,
          "pivot": 0.5,
          "pivotX": 0.5,
          "pivotY": 0.5,
          "ref": "Bar",
          "renderOfScreen": undefined,
          "renderToTexture": false,
          "scale": 1,
          "scaleX": 1,
          "scaleY": 1,
          "state": undefined,
          "tag": [Function],
          "tags": [
            "Bar",
          ],
          "visible": true,
          "w": 0,
          "x": 50,
          "y": 0,
          "zIndex": 0,
        },
        "LeftArrow": {
          "active": true,
          "alpha": 1,
          "attached": true,
          "boundsMargin": null,
          "clipping": false,
          "color": "fff8f7fa",
          "enabled": true,
          "flex": false,
          "flexItem": false,
          "h": 40,
          "hasFinalFocus": false,
          "hasFocus": false,
          "isComponent": true,
          "mount": 0,
          "mountX": 0,
          "mountY": 0.5,
          "pivot": 0.5,
          "pivotX": 0.5,
          "pivotY": 0.5,
          "ref": "LeftArrow",
          "renderOfScreen": undefined,
          "renderToTexture": false,
          "scale": 1,
          "scaleX": 1,
          "scaleY": 1,
          "state": "",
          "tag": [Function],
          "tags": [
            "LeftArrow",
          ],
          "texture": {
            "h": 40,
            "src": "data:image/png;base64,iVBORw0KGgoAAAANSUhEUgAAABgAAAAYCAYAAADgdz34AAAAAXNSR0IArs4c6QAAAERlWElmTU0AKgAAAAgAAYdpAAQAAAABAAAAGgAAAAAAA6ABAAMAAAABAAEAAKACAAQAAAABAAAAGKADAAQAAAABAAAAGAAAAADiNXWtAAAAi0lEQVRIDWNgGAWjIfD//38JID5Fk5AAGqwKxPeA+D/VLQCaaQLEr0CGgwBVLQCa5wbEn0EGwwDVLAAaGA3Ev2AGw2iqWAA0rBiI/8EMRaYptgBoWDeygehsci1gIlcjWfqArqZdEMFcBLSEdpGMZAntkimSJbTLaEiW0K6oQLKEdoUdzJJRemiHAAD4n+yzPWCs7QAAAABJRU5ErkJggg==",
            "type": "CustomImageTexture",
            "w": 40,
          },
          "type": "Icon",
          "visible": true,
          "w": 40,
          "x": 0,
          "y": [Function],
          "zIndex": 0,
        },
        "RightArrow": {
          "active": true,
          "alpha": 1,
          "attached": true,
          "boundsMargin": null,
          "clipping": false,
          "color": "fff8f7fa",
          "enabled": true,
          "flex": false,
          "flexItem": false,
          "h": 40,
          "hasFinalFocus": false,
          "hasFocus": false,
          "isComponent": true,
          "mount": 0,
          "mountX": 0,
          "mountY": 0.5,
          "pivot": 0.5,
          "pivotX": 0.5,
          "pivotY": 0.5,
          "ref": "RightArrow",
          "renderOfScreen": undefined,
          "renderToTexture": false,
          "scale": 1,
          "scaleX": 1,
          "scaleY": 1,
          "state": "",
          "tag": [Function],
          "tags": [
            "RightArrow",
          ],
          "texture": {
            "h": 40,
            "src": "data:image/png;base64,iVBORw0KGgoAAAANSUhEUgAAABgAAAAYCAYAAADgdz34AAAAAXNSR0IArs4c6QAAAERlWElmTU0AKgAAAAgAAYdpAAQAAAABAAAAGgAAAAAAA6ABAAMAAAABAAEAAKACAAQAAAABAAAAGKADAAQAAAABAAAAGAAAAADiNXWtAAAAg0lEQVRIDWNgGAWjIYArBP7//38KiCVwyVMsDjQcBO4BsSrFhmEzAGw8hHgFpEywqaFIDMkCEPMzELtRZCC6ZjQLQNxfQByNro5sPhYLQEL/gLiYbEORNeKwACbcDVPLBGMMOhrmVDSapkFE00imaTKlaUajaVFB28Ju0CXrUQfhDAEAEgHss6NhpLQAAAAASUVORK5CYII=",
            "type": "CustomImageTexture",
            "w": 40,
          },
          "type": "Icon",
          "visible": true,
          "w": 40,
          "x": 268,
          "y": [Function],
          "zIndex": 0,
        },
      },
      "clipping": false,
      "color": 4294967295,
      "enabled": true,
      "flex": false,
      "flexItem": false,
      "h": 24,
      "isComponent": undefined,
      "mount": 0,
      "mountX": 0,
      "mountY": 0.5,
      "pivot": 0.5,
      "pivotX": 0.5,
      "pivotY": 0.5,
      "ref": "Container",
      "renderOfScreen": undefined,
      "renderToTexture": false,
      "scale": 1,
      "scaleX": 1,
      "scaleY": 1,
      "state": undefined,
      "tag": [Function],
      "tags": [
        "Container",
      ],
      "visible": true,
      "w": 20,
      "x": 0,
      "y": [Function],
      "zIndex": 0,
    },
  },
}
`;
