// Jest Snapshot v1, https://goo.gl/fbAQLP

exports[`FocusManager should render 1`] = `
Object {
  "Component": Object {
    "Items": Object {
      "active": false,
      "alpha": 1,
      "attached": true,
      "boundsMargin": null,
      "children": Object {
        "Element-4": Object {
          "active": false,
          "alpha": 1,
          "attached": true,
          "boundsMargin": null,
          "clipping": false,
          "color": 4294967295,
          "enabled": true,
          "flex": false,
          "flexItem": false,
          "h": 0,
          "hasFinalFocus": true,
          "hasFocus": true,
          "id": 4,
          "isComponent": true,
          "mount": 0,
          "mountX": 0,
          "mountY": 0,
          "pivot": 0.5,
          "pivotX": 0.5,
          "pivotY": 0.5,
          "ref": null,
          "renderOfScreen": undefined,
          "renderToTexture": false,
          "scale": 1,
          "scaleX": 1,
          "scaleY": 1,
          "state": "",
          "tag": [Function],
          "type": "Component",
          "visible": true,
          "w": 0,
          "x": 0,
          "y": 0,
          "zIndex": 0,
        },
        "Element-5": Object {
          "active": false,
          "alpha": 1,
          "attached": true,
          "boundsMargin": null,
          "clipping": false,
          "color": 4294967295,
          "enabled": true,
          "flex": false,
          "flexItem": false,
          "h": 0,
          "hasFinalFocus": false,
          "hasFocus": false,
          "id": 5,
          "isComponent": true,
          "mount": 0,
          "mountX": 0,
          "mountY": 0,
          "pivot": 0.5,
          "pivotX": 0.5,
          "pivotY": 0.5,
          "ref": null,
          "renderOfScreen": undefined,
          "renderToTexture": false,
          "scale": 1,
          "scaleX": 1,
          "scaleY": 1,
          "state": "",
          "tag": [Function],
          "type": "Component",
          "visible": true,
          "w": 0,
          "x": 0,
          "y": 0,
          "zIndex": 0,
        },
        "Element-6": Object {
          "active": false,
          "alpha": 1,
          "attached": true,
          "boundsMargin": null,
          "clipping": false,
          "color": 4294967295,
          "enabled": true,
          "flex": false,
          "flexItem": false,
          "h": 0,
          "hasFinalFocus": false,
          "hasFocus": false,
          "id": 6,
          "isComponent": true,
          "mount": 0,
          "mountX": 0,
          "mountY": 0,
          "pivot": 0.5,
          "pivotX": 0.5,
          "pivotY": 0.5,
          "ref": null,
          "renderOfScreen": undefined,
          "renderToTexture": false,
          "scale": 1,
          "scaleX": 1,
          "scaleY": 1,
          "state": "",
          "tag": [Function],
          "type": "Component",
          "visible": true,
          "w": 0,
          "x": 0,
          "y": 0,
          "zIndex": 0,
        },
      },
      "clipping": false,
      "color": 4294967295,
      "enabled": true,
      "flex": false,
      "flexItem": false,
      "h": 0,
      "id": 3,
      "isComponent": undefined,
      "mount": 0,
      "mountX": 0,
      "mountY": 0,
      "pivot": 0.5,
      "pivotX": 0.5,
      "pivotY": 0.5,
      "ref": "Items",
      "renderOfScreen": undefined,
      "renderToTexture": false,
      "scale": 1,
      "scaleX": 1,
      "scaleY": 1,
      "state": undefined,
      "tag": [Function],
      "tags": Array [
        "Items",
      ],
      "visible": true,
      "w": 0,
      "x": 0,
      "y": 0,
      "zIndex": 0,
    },
  },
}
`;
