// Jest Snapshot v1, https://goo.gl/fbAQLP

exports[`cardAboutStacked renders 1`] = `
{
  "Component": {
    "Background": {
      "active": false,
      "alpha": 1,
      "attached": true,
      "boundsMargin": null,
      "clipping": false,
      "color": 4294967295,
      "enabled": true,
      "flex": false,
      "flexItem": false,
      "h": 0,
      "isComponent": undefined,
      "mount": 0,
      "mountX": 0,
      "mountY": 0,
      "pivot": 0.5,
      "pivotX": 0.5,
      "pivotY": 0.5,
      "ref": "Background",
      "renderOfScreen": undefined,
      "renderToTexture": false,
      "scale": 1,
      "scaleX": 1,
      "scaleY": 1,
      "state": undefined,
      "tag": [Function],
      "tags": [
        "Background",
      ],
      "texture": {
        "type": "StaticCanvasTexture",
      },
      "visible": true,
      "w": 0,
      "x": 0,
      "y": 0,
      "zIndex": 0,
    },
    "Title": {
      "active": false,
      "alpha": 0,
      "attached": true,
      "boundsMargin": null,
      "clipping": false,
      "color": 4294967295,
      "enabled": false,
      "flex": false,
      "flexItem": false,
      "h": 0,
      "hasFinalFocus": false,
      "hasFocus": false,
      "isComponent": true,
      "mount": 0,
      "mountX": 0,
      "mountY": 0,
      "pivot": 0.5,
      "pivotX": 0.5,
      "pivotY": 0.5,
      "ref": "Title",
      "renderOfScreen": undefined,
      "renderToTexture": false,
      "scale": 1,
      "scaleX": 1,
      "scaleY": 1,
      "state": "",
      "tag": [Function],
      "tags": [
        "Title",
      ],
      "type": "TextBox",
      "visible": true,
      "w": 0,
      "x": 24,
      "y": 20,
      "zIndex": 0,
    },
  },
}
`;
