// Jest Snapshot v1, https://goo.gl/fbAQLP

exports[`withLayout renders 1`] = `
{
  "Component": {
    "Background": {
      "active": false,
      "alpha": 1,
      "attached": true,
      "boundsMargin": null,
      "clipping": false,
      "color": 4294967295,
      "enabled": true,
      "flex": false,
      "flexItem": false,
      "h": 0,
      "isComponent": undefined,
      "mount": 0,
      "mountX": 0,
      "mountY": 0,
      "pivot": 0.5,
      "pivotX": 0.5,
      "pivotY": 0.5,
      "ref": "Background",
      "renderOfScreen": undefined,
      "renderToTexture": false,
      "scale": 1,
      "scaleX": 1,
      "scaleY": 1,
      "state": undefined,
      "tag": [Function],
      "tags": [
        "Background",
      ],
      "texture": {
        "type": "StaticCanvasTexture",
      },
      "visible": true,
      "w": 0,
      "x": 0,
      "y": 0,
      "zIndex": 0,
    },
    "Tile": {
      "active": false,
      "alpha": 1,
      "attached": true,
      "boundsMargin": null,
      "children": {
        "Artwork": {
          "active": false,
          "alpha": 0.001,
          "attached": true,
          "boundsMargin": null,
          "children": {
            "Image": {
              "active": false,
              "alpha": 1,
              "attached": true,
              "boundsMargin": null,
              "clipping": false,
              "color": 4294967295,
              "enabled": true,
              "flex": false,
              "flexItem": false,
              "h": 0,
              "isComponent": undefined,
              "mount": 0,
              "mountX": 0,
              "mountY": 0,
              "pivot": 0.5,
              "pivotX": 0.5,
              "pivotY": 0.5,
              "ref": "Image",
              "renderOfScreen": undefined,
              "renderToTexture": false,
              "scale": 1,
              "scaleX": 1,
              "scaleY": 1,
              "state": undefined,
              "tag": [Function],
              "tags": [
                "Image",
              ],
              "texture": {
                "type": "CustomImageTexture",
              },
              "visible": true,
              "w": 0,
              "x": 0,
              "y": 0,
              "zIndex": 1,
            },
          },
          "clipping": false,
          "color": 4294967295,
          "enabled": true,
          "flex": false,
          "flexItem": false,
          "h": 0,
          "hasFinalFocus": false,
          "hasFocus": false,
          "isComponent": true,
          "mount": 0.5,
          "mountX": 0.5,
          "mountY": 0.5,
          "pivot": 0.5,
          "pivotX": 0.5,
          "pivotY": 0.5,
          "ref": "Artwork",
          "renderOfScreen": undefined,
          "renderToTexture": true,
          "scale": 1,
          "scaleX": 1,
          "scaleY": 1,
          "state": "",
          "tag": [Function],
          "tags": [
            "Artwork",
          ],
          "type": "Artwork",
          "visible": true,
          "w": 0,
          "x": 0,
          "y": 0,
          "zIndex": 0,
        },
        "Content": {
          "active": false,
          "alpha": 1,
          "attached": true,
          "boundsMargin": null,
          "clipping": false,
          "color": 4294967295,
          "enabled": true,
          "flex": false,
          "flexItem": false,
          "h": 0,
          "isComponent": undefined,
          "mount": 0.5,
          "mountX": 0.5,
          "mountY": 0.5,
          "pivot": 0.5,
          "pivotX": 0.5,
          "pivotY": 0.5,
          "ref": "Content",
          "renderOfScreen": undefined,
          "renderToTexture": false,
          "scale": 1,
          "scaleX": 1,
          "scaleY": 1,
          "state": undefined,
          "tag": [Function],
          "tags": [
            "Content",
          ],
          "visible": true,
          "w": 0,
          "x": 0,
          "y": 0,
          "zIndex": 0,
        },
        "ProviderLogo": {
          "active": false,
          "alpha": 1,
          "attached": true,
          "boundsMargin": null,
          "clipping": false,
          "color": 4294506490,
          "enabled": true,
          "flex": false,
          "flexItem": false,
          "h": 0,
          "hasFinalFocus": false,
          "hasFocus": false,
          "isComponent": true,
          "mount": 0,
          "mountX": 0,
          "mountY": 0,
          "pivot": 0.5,
          "pivotX": 0.5,
          "pivotY": 0.5,
          "ref": "ProviderLogo",
          "renderOfScreen": undefined,
          "renderToTexture": false,
          "scale": 1,
          "scaleX": 1,
          "scaleY": 1,
          "state": "",
          "tag": [Function],
          "tags": [
            "ProviderLogo",
          ],
          "type": "Icon",
          "visible": true,
          "w": 0,
          "x": 0,
          "y": 0,
          "zIndex": 0,
        },
      },
      "clipping": false,
      "color": 4294967295,
      "enabled": true,
      "flex": false,
      "flexItem": false,
      "h": 0,
      "isComponent": undefined,
      "mount": 0,
      "mountX": 0,
      "mountY": 0,
      "pivot": 0.5,
      "pivotX": 0.5,
      "pivotY": 0.5,
      "ref": "Tile",
      "renderOfScreen": undefined,
      "renderToTexture": false,
      "scale": 1,
      "scaleX": 1,
      "scaleY": 1,
      "state": undefined,
      "tag": [Function],
      "tags": [
        "Tile",
      ],
      "visible": true,
      "w": 0,
      "x": 0,
      "y": 0,
      "zIndex": 0,
    },
  },
}
`;
