// Jest Snapshot v1, https://goo.gl/fbAQLP

exports[`ListItemSliderThemed renders 1`] = `
Object {
  "Component": Object {
    "Background": Object {
      "active": false,
      "alpha": 1,
      "attached": true,
      "boundsMargin": null,
      "clipping": false,
      "color": 4294967295,
      "enabled": true,
      "flex": false,
      "flexItem": false,
      "h": 0,
      "isComponent": undefined,
      "mount": 0,
      "mountX": 0,
      "mountY": 0,
      "pivot": 0.5,
      "pivotX": 0.5,
      "pivotY": 0.5,
      "ref": "Background",
      "renderOfScreen": undefined,
      "renderToTexture": false,
      "scale": 1,
      "scaleX": 1,
      "scaleY": 1,
      "state": undefined,
      "tag": [Function],
      "tags": Array [
        "Background",
      ],
      "texture": Object {
        "type": "StaticCanvasTexture",
      },
      "visible": true,
      "w": 0,
      "x": 0,
      "y": 0,
      "zIndex": 0,
    },
    "Content": Object {
      "active": false,
      "alpha": 1,
      "attached": true,
      "boundsMargin": null,
      "children": Object {
        "Slider": Object {
          "active": false,
          "alpha": 1,
          "attached": true,
          "boundsMargin": null,
          "children": Object {
            "Container": Object {
              "active": false,
              "alpha": 1,
              "attached": true,
              "boundsMargin": null,
              "children": Object {
                "Bar": Object {
                  "active": false,
                  "alpha": 1,
                  "attached": true,
                  "boundsMargin": null,
                  "children": Object {
                    "Circle": Object {
                      "active": false,
                      "alpha": 0,
                      "attached": true,
                      "boundsMargin": null,
                      "children": Object {
                        "Circle": Object {
                          "active": false,
                          "alpha": 1,
                          "attached": true,
                          "boundsMargin": null,
                          "clipping": false,
                          "color": 4294967295,
                          "enabled": false,
                          "flex": false,
                          "flexItem": false,
                          "h": 0,
                          "isComponent": undefined,
                          "mount": 0,
                          "mountX": 0,
                          "mountY": 0,
                          "pivot": 0.5,
                          "pivotX": 0.5,
                          "pivotY": 0.5,
                          "ref": "Circle",
                          "renderOfScreen": undefined,
                          "renderToTexture": false,
                          "scale": 1,
                          "scaleX": 1,
                          "scaleY": 1,
                          "state": undefined,
                          "tag": [Function],
                          "tags": Array [
                            "Circle",
                          ],
                          "visible": true,
                          "w": 0,
                          "x": 0,
                          "y": 0,
                          "zIndex": 0,
                        },
                      },
                      "clipping": false,
                      "color": 4294967295,
                      "enabled": false,
                      "flex": false,
                      "flexItem": false,
                      "h": 0,
                      "hasFinalFocus": false,
                      "hasFocus": false,
                      "isComponent": true,
                      "mount": 0.5,
                      "mountX": 0.5,
                      "mountY": 0.5,
                      "pivot": 0.5,
                      "pivotX": 0.5,
                      "pivotY": 0.5,
                      "ref": "Circle",
                      "renderOfScreen": undefined,
                      "renderToTexture": false,
                      "scale": 1,
                      "scaleX": 1,
                      "scaleY": 1,
                      "state": "",
                      "tag": [Function],
                      "tags": Array [
                        "Circle",
                      ],
                      "type": "Knob",
                      "visible": true,
                      "w": 0,
                      "x": 129,
                      "y": 11,
                      "zIndex": 5,
                    },
                    "SliderBar": Object {
                      "active": false,
                      "alpha": 1,
                      "attached": true,
                      "boundsMargin": null,
                      "children": Object {
                        "Bar": Object {
                          "active": false,
                          "alpha": 1,
                          "attached": true,
                          "boundsMargin": null,
                          "clipping": false,
                          "color": 4294967295,
                          "enabled": true,
                          "flex": false,
                          "flexItem": false,
                          "h": 0,
                          "isComponent": undefined,
                          "mount": 0,
                          "mountX": 0,
                          "mountY": 0,
                          "pivot": 0.5,
                          "pivotX": 0.5,
                          "pivotY": 0.5,
                          "ref": "Bar",
                          "renderOfScreen": undefined,
                          "renderToTexture": false,
                          "scale": 1,
                          "scaleX": 1,
                          "scaleY": 1,
                          "state": undefined,
                          "tag": [Function],
                          "tags": Array [
                            "Bar",
                          ],
                          "texture": Object {
                            "type": "StaticCanvasTexture",
                          },
                          "visible": true,
                          "w": 0,
                          "x": 0,
                          "y": 0,
                          "zIndex": 1,
                        },
                        "Progress": Object {
                          "active": false,
                          "alpha": 0,
                          "attached": true,
                          "boundsMargin": null,
                          "clipping": false,
                          "color": 4294967295,
                          "enabled": false,
                          "flex": false,
                          "flexItem": false,
                          "h": 0,
                          "isComponent": undefined,
                          "mount": 0,
                          "mountX": 0,
                          "mountY": 0,
                          "pivot": 0.5,
                          "pivotX": 0.5,
                          "pivotY": 0.5,
                          "ref": "Progress",
                          "renderOfScreen": undefined,
                          "renderToTexture": false,
                          "scale": 1,
                          "scaleX": 1,
                          "scaleY": 1,
                          "state": undefined,
                          "tag": [Function],
                          "tags": Array [
                            "Progress",
                          ],
                          "texture": Object {
                            "type": "StaticCanvasTexture",
                          },
                          "visible": true,
                          "w": 0,
                          "x": 0,
                          "y": 0,
                          "zIndex": 2,
                        },
                      },
                      "clipping": false,
                      "color": 4294967295,
                      "enabled": true,
                      "flex": false,
                      "flexItem": false,
                      "h": 8,
                      "hasFinalFocus": false,
                      "hasFocus": false,
                      "isComponent": true,
                      "mount": 0,
                      "mountX": 0,
                      "mountY": 0.5,
                      "pivot": 0.5,
                      "pivotX": 0.5,
                      "pivotY": 0.5,
                      "ref": "SliderBar",
                      "renderOfScreen": undefined,
                      "renderToTexture": false,
                      "scale": 1,
                      "scaleX": 1,
                      "scaleY": 1,
                      "state": "",
                      "tag": [Function],
                      "tags": Array [
                        "SliderBar",
                      ],
                      "type": "ProgressBar",
                      "visible": true,
                      "w": 258,
                      "x": 0,
                      "y": 10,
                      "zIndex": 0,
                    },
                  },
                  "clipping": false,
                  "color": 4294967295,
                  "enabled": true,
                  "flex": false,
                  "flexItem": false,
                  "h": 0,
                  "isComponent": undefined,
                  "mount": 0,
                  "mountX": 0,
                  "mountY": 0.5,
                  "pivot": 0.5,
                  "pivotX": 0.5,
                  "pivotY": 0.5,
                  "ref": "Bar",
                  "renderOfScreen": undefined,
                  "renderToTexture": false,
                  "scale": 1,
                  "scaleX": 1,
                  "scaleY": 1,
                  "state": undefined,
                  "tag": [Function],
                  "tags": Array [
                    "Bar",
                  ],
                  "visible": true,
                  "w": 0,
                  "x": 40,
                  "y": 0,
                  "zIndex": 0,
                },
                "LeftArrow": Object {
                  "active": false,
                  "alpha": 1,
                  "attached": true,
                  "boundsMargin": null,
                  "clipping": false,
                  "color": "fff6f6f9",
                  "enabled": true,
                  "flex": false,
                  "flexItem": false,
                  "h": 32,
                  "isComponent": undefined,
                  "mount": 0,
                  "mountX": 0,
                  "mountY": 0.5,
                  "pivot": 0.5,
                  "pivotX": 0.5,
                  "pivotY": 0.5,
                  "ref": "LeftArrow",
                  "renderOfScreen": undefined,
                  "renderToTexture": false,
                  "scale": 1,
                  "scaleX": 1,
                  "scaleY": 1,
                  "state": undefined,
                  "tag": [Function],
                  "tags": Array [
                    "LeftArrow",
                  ],
                  "texture": Object {
                    "src": "data:image/png;base64,iVBORw0KGgoAAAANSUhEUgAAABgAAAAYCAYAAADgdz34AAAAAXNSR0IArs4c6QAAAERlWElmTU0AKgAAAAgAAYdpAAQAAAABAAAAGgAAAAAAA6ABAAMAAAABAAEAAKACAAQAAAABAAAAGKADAAQAAAABAAAAGAAAAADiNXWtAAAAi0lEQVRIDWNgGAWjIfD//38JID5Fk5AAGqwKxPeA+D/VLQCaaQLEr0CGgwBVLQCa5wbEn0EGwwDVLAAaGA3Ev2AGw2iqWAA0rBiI/8EMRaYptgBoWDeygehsci1gIlcjWfqArqZdEMFcBLSEdpGMZAntkimSJbTLaEiW0K6oQLKEdoUdzJJRemiHAAD4n+yzPWCs7QAAAABJRU5ErkJggg==",
                    "type": "ImageTexture",
                  },
                  "visible": true,
                  "w": 32,
                  "x": 0,
                  "y": [Function],
                  "zIndex": 0,
                },
                "RightArrow": Object {
                  "active": false,
                  "alpha": 1,
                  "attached": true,
                  "boundsMargin": null,
                  "clipping": false,
                  "color": "fff6f6f9",
                  "enabled": true,
                  "flex": false,
                  "flexItem": false,
                  "h": 32,
                  "isComponent": undefined,
                  "mount": 0,
                  "mountX": 0,
                  "mountY": 0.5,
                  "pivot": 0.5,
                  "pivotX": 0.5,
                  "pivotY": 0.5,
                  "ref": "RightArrow",
                  "renderOfScreen": undefined,
                  "renderToTexture": false,
                  "scale": 1,
                  "scaleX": 1,
                  "scaleY": 1,
                  "state": undefined,
                  "tag": [Function],
                  "tags": Array [
                    "RightArrow",
                  ],
                  "texture": Object {
                    "src": "data:image/png;base64,iVBORw0KGgoAAAANSUhEUgAAABgAAAAYCAYAAADgdz34AAAAAXNSR0IArs4c6QAAAERlWElmTU0AKgAAAAgAAYdpAAQAAAABAAAAGgAAAAAAA6ABAAMAAAABAAEAAKACAAQAAAABAAAAGKADAAQAAAABAAAAGAAAAADiNXWtAAAAg0lEQVRIDWNgGAWjIYArBP7//38KiCVwyVMsDjQcBO4BsSrFhmEzAGw8hHgFpEywqaFIDMkCEPMzELtRZCC6ZjQLQNxfQByNro5sPhYLQEL/gLiYbEORNeKwACbcDVPLBGMMOhrmVDSapkFE00imaTKlaUajaVFB28Ju0CXrUQfhDAEAEgHss6NhpLQAAAAASUVORK5CYII=",
                    "type": "ImageTexture",
                  },
                  "visible": true,
                  "w": 32,
                  "x": 306,
                  "y": [Function],
                  "zIndex": 0,
                },
              },
              "clipping": false,
              "color": 4294967295,
              "enabled": true,
              "flex": false,
              "flexItem": false,
              "h": 20,
              "isComponent": undefined,
              "mount": 0,
              "mountX": 0,
              "mountY": 0.5,
              "pivot": 0.5,
              "pivotX": 0.5,
              "pivotY": 0.5,
              "ref": "Container",
              "renderOfScreen": undefined,
              "renderToTexture": false,
              "scale": 1,
              "scaleX": 1,
              "scaleY": 1,
              "state": undefined,
              "tag": [Function],
              "tags": Array [
                "Container",
              ],
              "visible": true,
              "w": 338,
              "x": 0,
              "y": 0,
              "zIndex": 0,
            },
          },
          "clipping": false,
          "color": 4294967295,
          "enabled": true,
          "flex": false,
          "flexItem": false,
          "h": 0,
          "hasFinalFocus": false,
          "hasFocus": false,
          "isComponent": true,
          "mount": 0,
          "mountX": 0,
          "mountY": 0,
          "pivot": 0,
          "pivotX": 0,
          "pivotY": 0.5,
          "ref": "Slider",
          "renderOfScreen": undefined,
          "renderToTexture": false,
          "scale": 1,
          "scaleX": 1,
          "scaleY": 1,
          "state": "",
          "tag": [Function],
          "tags": Array [
            "Slider",
          ],
          "type": "NestedSlider",
          "visible": true,
          "w": 338,
          "x": 0,
          "y": 24,
          "zIndex": 0,
        },
        "TextWrapper": Object {
          "active": false,
          "alpha": 1,
          "attached": true,
          "boundsMargin": null,
          "children": Object {
            "Title": Object {
              "active": false,
              "alpha": 0.001,
              "attached": true,
              "boundsMargin": null,
              "children": Object {
                "Text": Object {
                  "active": false,
                  "alpha": 1,
                  "attached": true,
                  "boundsMargin": null,
                  "clipping": false,
                  "color": 4294967295,
                  "enabled": true,
                  "flex": false,
                  "flexItem": false,
                  "h": 0,
                  "isComponent": undefined,
                  "mount": 0,
                  "mountX": 0,
                  "mountY": 0,
                  "pivot": 0.5,
                  "pivotX": 0.5,
                  "pivotY": 0.5,
                  "ref": "Text",
                  "renderOfScreen": undefined,
                  "renderToTexture": false,
                  "scale": 1,
                  "scaleX": 1,
                  "scaleY": 1,
                  "state": undefined,
                  "tag": [Function],
                  "tags": Array [
                    "Text",
                  ],
                  "texture": Object {
                    "fontFace": "XfinityBrownBold",
                    "fontSize": 28,
                    "letterSpacing": -0.2,
                    "lineHeight": 40,
                    "maxLines": 1,
                    "maxLinesSuffix": "...",
                    "text": "ListItemSlider",
                    "textBaseline": "bottom",
                    "textColor": 4294375161,
                    "textOverflow": "ellipsis",
                    "type": "TextTexture",
                    "verticalAlign": "middle",
                    "wordWrapWidth": 290,
                  },
                  "visible": true,
                  "w": 0,
                  "x": 0,
                  "y": 2,
                  "zIndex": 0,
                },
              },
              "clipping": false,
              "color": 4294967295,
              "enabled": true,
              "flex": false,
              "flexItem": true,
              "h": 0,
              "hasFinalFocus": false,
              "hasFocus": false,
              "isComponent": true,
              "mount": 0,
              "mountX": 0,
              "mountY": 0,
              "pivot": 0.5,
              "pivotX": 0.5,
              "pivotY": 0.5,
              "ref": "Title",
              "renderOfScreen": undefined,
              "renderToTexture": false,
              "scale": 1,
              "scaleX": 1,
              "scaleY": 1,
              "state": "",
              "tag": [Function],
              "tags": Array [
                "Title",
              ],
              "type": "TextBox",
              "visible": true,
              "w": 0,
              "x": 0,
              "y": 0,
              "zIndex": 0,
            },
            "Value": Object {
              "active": false,
              "alpha": 0.001,
              "attached": true,
              "boundsMargin": null,
              "children": Object {
                "Text": Object {
                  "active": false,
                  "alpha": 1,
                  "attached": true,
                  "boundsMargin": null,
                  "clipping": false,
                  "color": 4294967295,
                  "enabled": true,
                  "flex": false,
                  "flexItem": false,
                  "h": 0,
                  "isComponent": undefined,
                  "mount": 0,
                  "mountX": 0,
                  "mountY": 0,
                  "pivot": 0.5,
                  "pivotX": 0.5,
                  "pivotY": 0.5,
                  "ref": "Text",
                  "renderOfScreen": undefined,
                  "renderToTexture": false,
                  "scale": 1,
                  "scaleX": 1,
                  "scaleY": 1,
                  "state": undefined,
                  "tag": [Function],
                  "tags": Array [
                    "Text",
                  ],
                  "texture": Object {
                    "fontFace": "XfinityBrownBold",
                    "fontSize": 28,
                    "letterSpacing": -0.2,
                    "lineHeight": 40,
                    "maxLines": 1,
                    "maxLinesSuffix": "...",
                    "text": "50",
                    "textBaseline": "bottom",
                    "textColor": 4294375161,
                    "textOverflow": "ellipsis",
                    "type": "TextTexture",
                    "verticalAlign": "middle",
                    "wordWrapWidth": undefined,
                  },
                  "visible": true,
                  "w": 0,
                  "x": 0,
                  "y": 2,
                  "zIndex": 0,
                },
              },
              "clipping": false,
              "color": 4294967295,
              "enabled": true,
              "flex": false,
              "flexItem": true,
              "h": 0,
              "hasFinalFocus": false,
              "hasFocus": false,
              "isComponent": true,
              "mount": 1,
              "mountX": 1,
              "mountY": 1,
              "pivot": 0.5,
              "pivotX": 0.5,
              "pivotY": 0.5,
              "ref": "Value",
              "renderOfScreen": undefined,
              "renderToTexture": false,
              "scale": 1,
              "scaleX": 1,
              "scaleY": 1,
              "state": "",
              "tag": [Function],
              "tags": Array [
                "Value",
              ],
              "type": "TextBox",
              "visible": true,
              "w": 0,
              "x": 338,
              "y": 0,
              "zIndex": 0,
            },
          },
          "clipping": false,
          "color": 4294967295,
          "enabled": true,
          "flex": true,
          "flexItem": true,
          "h": 0,
          "isComponent": undefined,
          "mount": 0,
          "mountX": 0,
          "mountY": 0.5,
          "pivot": 0.5,
          "pivotX": 0.5,
          "pivotY": 0.5,
          "ref": "TextWrapper",
          "renderOfScreen": undefined,
          "renderToTexture": false,
          "scale": 1,
          "scaleX": 1,
          "scaleY": 1,
          "state": undefined,
          "tag": [Function],
          "tags": Array [
            "TextWrapper",
          ],
          "visible": true,
          "w": 0,
          "x": 0,
          "y": 0,
          "zIndex": 0,
        },
      },
      "clipping": false,
      "color": 4294967295,
      "enabled": true,
      "flex": false,
      "flexItem": false,
      "h": 0,
      "isComponent": undefined,
      "mount": 0,
      "mountX": 0,
      "mountY": 0,
      "pivot": 0.5,
      "pivotX": 0.5,
      "pivotY": 0.5,
      "ref": "Content",
      "renderOfScreen": undefined,
      "renderToTexture": false,
      "scale": 1,
      "scaleX": 1,
      "scaleY": 1,
      "state": undefined,
      "tag": [Function],
      "tags": Array [
        "Content",
      ],
      "visible": true,
      "w": 0,
      "x": 24,
      "y": 48,
      "zIndex": 0,
    },
  },
}
`;
