// Jest Snapshot v1, https://goo.gl/fbAQLP

exports[`ListItemPicker renders 1`] = `
{
  "Component": {
    "Background": {
      "active": false,
      "alpha": 1,
      "attached": true,
      "boundsMargin": null,
      "clipping": false,
      "color": 4294967295,
      "enabled": true,
      "flex": false,
      "flexItem": false,
      "h": 0,
      "isComponent": undefined,
      "mount": 0,
      "mountX": 0,
      "mountY": 0,
      "pivot": 0.5,
      "pivotX": 0.5,
      "pivotY": 0.5,
      "ref": "Background",
      "renderOfScreen": undefined,
      "renderToTexture": false,
      "scale": 1,
      "scaleX": 1,
      "scaleY": 1,
      "state": undefined,
      "tag": [Function],
      "tags": [
        "Background",
      ],
      "texture": {
        "type": "StaticCanvasTexture",
      },
      "visible": true,
      "w": 0,
      "x": 0,
      "y": 0,
      "zIndex": 0,
    },
    "Content": {
      "active": false,
      "alpha": 1,
      "attached": true,
      "boundsMargin": null,
      "children": {
        "TextWrapper": {
          "active": false,
          "alpha": 1,
          "attached": true,
          "boundsMargin": null,
          "children": {
            "Description": {
              "active": false,
              "alpha": 0.001,
              "attached": true,
              "boundsMargin": null,
              "children": {
                "Text": {
                  "active": false,
                  "alpha": 1,
                  "attached": true,
                  "boundsMargin": null,
                  "clipping": false,
                  "color": 4294967295,
                  "enabled": true,
                  "flex": false,
                  "flexItem": false,
                  "h": 0,
                  "isComponent": undefined,
                  "mount": 0,
                  "mountX": 0,
                  "mountY": 0,
                  "pivot": 0.5,
                  "pivotX": 0.5,
                  "pivotY": 0.5,
                  "ref": "Text",
                  "renderOfScreen": undefined,
                  "renderToTexture": false,
                  "scale": 1,
                  "scaleX": 1,
                  "scaleY": 1,
                  "state": undefined,
                  "tag": [Function],
                  "tags": [
                    "Text",
                  ],
                  "texture": {
                    "fontFace": "DMSansRegular",
                    "fontSize": 24,
                    "lineHeight": 32,
                    "maxLines": 1,
                    "maxLinesSuffix": "...",
                    "text": "Description",
                    "textBaseline": "bottom",
                    "textColor": 4294375161,
                    "textOverflow": "ellipsis",
                    "type": "TextTexture",
                    "verticalAlign": "middle",
                  },
                  "visible": true,
                  "w": 0,
                  "x": 0,
                  "y": 2,
                  "zIndex": 0,
                },
              },
              "clipping": false,
              "color": 4294967295,
              "enabled": true,
              "flex": false,
              "flexItem": true,
              "h": 0,
              "hasFinalFocus": false,
              "hasFocus": false,
              "isComponent": true,
              "mount": 0,
              "mountX": 0,
              "mountY": 0,
              "pivot": 0.5,
              "pivotX": 0.5,
              "pivotY": 0.5,
              "ref": "Description",
              "renderOfScreen": undefined,
              "renderToTexture": false,
              "scale": 1,
              "scaleX": 1,
              "scaleY": 1,
              "state": "",
              "tag": [Function],
              "tags": [
                "Description",
              ],
              "type": "TextBox",
              "visible": true,
              "w": 0,
              "x": 0,
              "y": 0,
              "zIndex": 0,
            },
            "Picker": {
              "active": false,
              "alpha": 1,
              "attached": true,
              "boundsMargin": null,
              "children": {
                "Items": {
                  "active": false,
                  "alpha": 1,
                  "attached": true,
                  "boundsMargin": null,
                  "clipping": false,
                  "color": 4294967295,
                  "enabled": true,
                  "flex": false,
                  "flexItem": false,
                  "h": 0,
                  "isComponent": undefined,
                  "mount": 0,
                  "mountX": 0,
                  "mountY": 0,
                  "pivot": 0.5,
                  "pivotX": 0.5,
                  "pivotY": 0.5,
                  "ref": "Items",
                  "renderOfScreen": undefined,
                  "renderToTexture": false,
                  "scale": 1,
                  "scaleX": 1,
                  "scaleY": 1,
                  "state": undefined,
                  "tag": [Function],
                  "tags": [
                    "Items",
                  ],
                  "visible": true,
                  "w": 0,
                  "x": 0,
                  "y": 0,
                  "zIndex": 0,
                },
              },
              "clipping": true,
              "color": 4294967295,
              "enabled": true,
              "flex": false,
              "flexItem": true,
              "h": 32,
              "hasFinalFocus": false,
              "hasFocus": false,
              "isComponent": true,
              "mount": 0,
              "mountX": 0,
              "mountY": 0,
              "pivot": 0.5,
              "pivotX": 0.5,
              "pivotY": 0.5,
              "ref": "Picker",
              "renderOfScreen": undefined,
              "renderToTexture": false,
              "scale": 1,
              "scaleX": 1,
              "scaleY": 1,
              "state": "Row",
              "tag": [Function],
              "tags": [
                "Picker",
              ],
              "type": "Row",
              "visible": true,
              "w": 322,
              "x": -161,
              "y": 0,
              "zIndex": 0,
            },
            "Title": {
              "active": false,
              "alpha": 0.001,
              "attached": true,
              "boundsMargin": null,
              "children": {
                "Text": {
                  "active": false,
                  "alpha": 1,
                  "attached": true,
                  "boundsMargin": null,
                  "clipping": false,
                  "color": 4294967295,
                  "enabled": true,
                  "flex": false,
                  "flexItem": false,
                  "h": 0,
                  "isComponent": undefined,
                  "mount": 0,
                  "mountX": 0,
                  "mountY": 0,
                  "pivot": 0.5,
                  "pivotX": 0.5,
                  "pivotY": 0.5,
                  "ref": "Text",
                  "renderOfScreen": undefined,
                  "renderToTexture": false,
                  "scale": 1,
                  "scaleX": 1,
                  "scaleY": 1,
                  "state": undefined,
                  "tag": [Function],
                  "tags": [
                    "Text",
                  ],
                  "texture": {
                    "fontFace": "XfinityBrownBold",
                    "fontSize": 28,
                    "letterSpacing": -0.2,
                    "lineHeight": 40,
                    "maxLines": 1,
                    "maxLinesSuffix": "...",
                    "text": "ListItemPicker",
                    "textBaseline": "bottom",
                    "textColor": 4294375161,
                    "textOverflow": "ellipsis",
                    "type": "TextTexture",
                    "verticalAlign": "middle",
                    "wordWrapWidth": 338,
                  },
                  "visible": true,
                  "w": 0,
                  "x": 0,
                  "y": 2,
                  "zIndex": 0,
                },
              },
              "clipping": false,
              "color": 4294967295,
              "enabled": true,
              "flex": false,
              "flexItem": true,
              "h": 0,
              "hasFinalFocus": false,
              "hasFocus": false,
              "isComponent": true,
              "mount": 0,
              "mountX": 0,
              "mountY": 0,
              "pivot": 0.5,
              "pivotX": 0.5,
              "pivotY": 0.5,
              "ref": "Title",
              "renderOfScreen": undefined,
              "renderToTexture": false,
              "scale": 1,
              "scaleX": 1,
              "scaleY": 1,
              "state": "",
              "tag": [Function],
              "tags": [
                "Title",
              ],
              "type": "TextBox",
              "visible": true,
              "w": 0,
              "x": 0,
              "y": 0,
              "zIndex": 0,
            },
          },
          "clipping": false,
          "color": 4294967295,
          "enabled": true,
          "flex": true,
          "flexItem": true,
          "h": 0,
          "isComponent": undefined,
          "mount": 0,
          "mountX": 0,
          "mountY": 0.5,
          "pivot": 0.5,
          "pivotX": 0.5,
          "pivotY": 0.5,
          "ref": "TextWrapper",
          "renderOfScreen": undefined,
          "renderToTexture": false,
          "scale": 1,
          "scaleX": 1,
          "scaleY": 1,
          "state": undefined,
          "tag": [Function],
          "tags": [
            "TextWrapper",
          ],
          "visible": true,
          "w": 0,
          "x": 0,
          "y": 0,
          "zIndex": 0,
        },
      },
      "clipping": false,
      "color": 4294967295,
      "enabled": true,
      "flex": false,
      "flexItem": false,
      "h": 0,
      "isComponent": undefined,
      "mount": 0.5,
      "mountX": 0.5,
      "mountY": 0,
      "pivot": 0.5,
      "pivotX": 0.5,
      "pivotY": 0.5,
      "ref": "Content",
      "renderOfScreen": undefined,
      "renderToTexture": false,
      "scale": 1,
      "scaleX": 1,
      "scaleY": 1,
      "state": undefined,
      "tag": [Function],
      "tags": [
        "Content",
      ],
      "visible": true,
      "w": 0,
      "x": 193,
      "y": 48,
      "zIndex": 0,
    },
  },
}
`;
