// Jest Snapshot v1, https://goo.gl/fbAQLP

exports[`Badge renders 1`] = `
{
  "Component": {
    "Icon": {
      "active": false,
      "alpha": 1,
      "attached": true,
      "boundsMargin": null,
      "clipping": false,
      "color": 4294506490,
      "enabled": true,
      "flex": false,
      "flexItem": false,
      "h": 0,
      "hasFinalFocus": false,
      "hasFocus": false,
      "isComponent": true,
      "mount": 0,
      "mountX": 0,
      "mountY": 0.5,
      "pivot": 0.5,
      "pivotX": 0.5,
      "pivotY": 0.5,
      "ref": "Icon",
      "renderOfScreen": undefined,
      "renderToTexture": false,
      "scale": 1,
      "scaleX": 1,
      "scaleY": 1,
      "state": "",
      "tag": [Function],
      "tags": [
        "Icon",
      ],
      "type": "Icon",
      "visible": true,
      "w": 0,
      "x": 12,
      "y": 4,
      "zIndex": 0,
    },
    "Text": {
      "active": false,
      "alpha": 1,
      "attached": true,
      "boundsMargin": null,
      "clipping": false,
      "color": 4294967295,
      "enabled": true,
      "flex": false,
      "flexItem": false,
      "h": 0,
      "isComponent": undefined,
      "mount": 0,
      "mountX": 0,
      "mountY": 0.5,
      "pivot": 0.5,
      "pivotX": 0.5,
      "pivotY": 0.5,
      "ref": "Text",
      "renderOfScreen": undefined,
      "renderToTexture": false,
      "scale": 1,
      "scaleX": 1,
      "scaleY": 1,
      "state": undefined,
      "tag": [Function],
      "tags": [
        "Text",
      ],
      "texture": {
        "fontFace": "Arial",
        "fontSize": 20,
        "fontStyle": "500",
        "lineHeight": 24,
        "precision": 0.6666666666666666,
        "textAlign": "center",
        "textBaseline": "bottom",
        "textColor": 4294506490,
        "type": "TextTexture",
        "verticalAlign": "middle",
      },
      "visible": true,
      "w": 0,
      "x": 12,
      "y": 8,
      "zIndex": 0,
    },
  },
}
`;
