// Jest Snapshot v1, https://goo.gl/fbAQLP

exports[`wave renders 1`] = `
{
  "Component": {
    "Left1": {
      "active": false,
      "alpha": 1,
      "attached": true,
      "boundsMargin": null,
      "clipping": false,
      "color": 4294967295,
      "enabled": true,
      "flex": false,
      "flexItem": false,
      "h": 0,
      "isComponent": undefined,
      "mount": 0,
      "mountX": 0,
      "mountY": 0.5,
      "pivot": 0.5,
      "pivotX": 0.5,
      "pivotY": 0.5,
      "ref": "Left1",
      "renderOfScreen": undefined,
      "renderToTexture": false,
      "scale": 1,
      "scaleX": 1,
      "scaleY": 1,
      "state": undefined,
      "tag": [Function],
      "tags": [
        "Left1",
      ],
      "texture": {
        "type": "StaticCanvasTexture",
      },
      "visible": true,
      "w": 0,
      "x": 0,
      "y": 20,
      "zIndex": 0,
    },
    "Left2": {
      "active": false,
      "alpha": 1,
      "attached": true,
      "boundsMargin": null,
      "clipping": false,
      "color": 4294967295,
      "enabled": true,
      "flex": false,
      "flexItem": false,
      "h": 0,
      "isComponent": undefined,
      "mount": 0,
      "mountX": 0,
      "mountY": 0.5,
      "pivot": 0.5,
      "pivotX": 0.5,
      "pivotY": 0.5,
      "ref": "Left2",
      "renderOfScreen": undefined,
      "renderToTexture": false,
      "scale": 1,
      "scaleX": 1,
      "scaleY": 1,
      "state": undefined,
      "tag": [Function],
      "tags": [
        "Left2",
      ],
      "texture": {
        "type": "StaticCanvasTexture",
      },
      "visible": true,
      "w": 0,
      "x": 16,
      "y": 20,
      "zIndex": 0,
    },
  },
}
`;
