// Jest Snapshot v1, https://goo.gl/fbAQLP

exports[`Tooltip visibility should show after delay if delayVisible is set 1`] = `
{
  "Component": {
    "Background": {
      "active": false,
      "alpha": 1,
      "attached": true,
      "boundsMargin": null,
      "children": {
        "Text": {
          "active": false,
          "alpha": 0.001,
          "attached": true,
          "boundsMargin": null,
          "clipping": false,
          "color": 4294967295,
          "enabled": false,
          "flex": false,
          "flexItem": false,
          "h": 0,
          "hasFinalFocus": false,
          "hasFocus": false,
          "isComponent": true,
          "mount": 0,
          "mountX": 0,
          "mountY": 0,
          "pivot": 0.5,
          "pivotX": 0.5,
          "pivotY": 0.5,
          "ref": "Text",
          "renderOfScreen": undefined,
          "renderToTexture": false,
          "scale": 1,
          "scaleX": 1,
          "scaleY": 1,
          "state": "",
          "tag": [Function],
          "tags": [
            "Text",
          ],
          "type": "TextBox",
          "visible": true,
          "w": 0,
          "x": 0,
          "y": 0,
          "zIndex": 0,
        },
      },
      "clipping": false,
      "color": 4294967295,
      "enabled": false,
      "flex": false,
      "flexItem": false,
      "h": 0,
      "isComponent": undefined,
      "mount": 0,
      "mountX": 0,
      "mountY": 0,
      "pivot": 0.5,
      "pivotX": 0.5,
      "pivotY": 0.5,
      "ref": "Background",
      "renderOfScreen": undefined,
      "renderToTexture": false,
      "scale": 1,
      "scaleX": 1,
      "scaleY": 1,
      "state": undefined,
      "tag": [Function],
      "tags": [
        "Background",
      ],
      "visible": true,
      "w": 0,
      "x": 0,
      "y": 0,
      "zIndex": 0,
    },
  },
}
`;
