// Jest Snapshot v1, https://goo.gl/fbAQLP

exports[`MetadataCardContent renders 1`] = `
Object {
  "Component": Object {
    "DetailsWrapper": Object {
      "active": false,
      "alpha": 1,
      "attached": true,
      "boundsMargin": null,
      "children": Object {
        "DetailsFader": Object {
          "active": false,
          "alpha": 1,
          "attached": true,
          "boundsMargin": null,
          "children": Object {
            "Details": Object {
              "active": false,
              "alpha": 0.001,
              "attached": true,
              "boundsMargin": null,
              "children": Object {
                "Text": Object {
                  "active": false,
                  "alpha": 1,
                  "attached": true,
                  "boundsMargin": null,
                  "clipping": false,
                  "color": 4294967295,
                  "enabled": true,
                  "flex": false,
                  "flexItem": false,
                  "h": 0,
                  "isComponent": undefined,
                  "mount": 0,
                  "mountX": 0,
                  "mountY": 0,
                  "pivot": 0.5,
                  "pivotX": 0.5,
                  "pivotY": 0.5,
                  "ref": "Text",
                  "renderOfScreen": undefined,
                  "renderToTexture": false,
                  "scale": 1,
                  "scaleX": 1,
                  "scaleY": 1,
                  "state": undefined,
                  "tag": [Function],
                  "tags": Array [
                    "Text",
                  ],
                  "texture": Object {
                    "textBaseline": "bottom",
                    "type": "TextTexture",
                  },
                  "visible": true,
                  "w": 0,
                  "x": 0,
                  "y": 0,
                  "zIndex": 0,
                },
              },
              "clipping": false,
              "color": 4294967295,
              "enabled": true,
              "flex": false,
              "flexItem": false,
              "h": 0,
              "hasFinalFocus": false,
              "hasFocus": false,
              "isComponent": true,
              "mount": 0,
              "mountX": 0,
              "mountY": 0.5,
              "pivot": 0.5,
              "pivotX": 0.5,
              "pivotY": 0.5,
              "ref": "Details",
              "renderOfScreen": undefined,
              "renderToTexture": false,
              "scale": 1,
              "scaleX": 1,
              "scaleY": 1,
              "state": "",
              "tag": [Function],
              "tags": Array [
                "Details",
              ],
              "type": "TextBox",
              "visible": false,
              "w": 0,
              "x": 0,
              "y": 0,
              "zIndex": 0,
            },
          },
          "clipping": false,
          "color": 4294967295,
          "enabled": true,
          "flex": false,
          "flexItem": false,
          "h": 0,
          "isComponent": undefined,
          "mount": 0,
          "mountX": 0,
          "mountY": 0,
          "pivot": 0.5,
          "pivotX": 0.5,
          "pivotY": 0.5,
          "ref": "DetailsFader",
          "renderOfScreen": undefined,
          "renderToTexture": false,
          "scale": 1,
          "scaleX": 1,
          "scaleY": 1,
          "state": undefined,
          "tag": [Function],
          "tags": Array [
            "DetailsFader",
          ],
          "visible": true,
          "w": 0,
          "x": 0,
          "y": 0,
          "zIndex": 0,
        },
        "Provider": Object {
          "active": false,
          "alpha": 1,
          "attached": true,
          "boundsMargin": null,
          "children": Object {
            "Row": Object {
              "active": false,
              "alpha": 1,
              "attached": true,
              "boundsMargin": null,
              "children": Object {
                "Items": Object {
                  "active": false,
                  "alpha": 1,
                  "attached": true,
                  "boundsMargin": null,
                  "children": Object {
                    "Element-15": Object {
                      "active": false,
                      "alpha": 1,
                      "attached": true,
                      "boundsMargin": null,
                      "clipping": true,
                      "color": 4294967295,
                      "enabled": true,
                      "flex": false,
                      "flexItem": false,
                      "h": 48,
                      "hasFinalFocus": false,
                      "hasFocus": false,
                      "isComponent": true,
                      "mount": 0,
                      "mountX": 0,
                      "mountY": 0,
                      "pivot": 0.5,
                      "pivotX": 0.5,
                      "pivotY": 0.5,
                      "ref": null,
                      "renderOfScreen": undefined,
                      "renderToTexture": true,
                      "scale": 1,
                      "scaleX": 1,
                      "scaleY": 1,
                      "state": "",
                      "tag": [Function],
                      "type": "Icon",
                      "visible": true,
                      "w": 48,
                      "x": 0,
                      "y": 0,
                      "zIndex": 0,
                    },
                    "Element-16": Object {
                      "active": false,
                      "alpha": 1,
                      "attached": true,
                      "boundsMargin": null,
                      "clipping": true,
                      "color": 4294967295,
                      "enabled": true,
                      "flex": false,
                      "flexItem": false,
                      "h": 48,
                      "hasFinalFocus": false,
                      "hasFocus": false,
                      "isComponent": true,
                      "mount": 0,
                      "mountX": 0,
                      "mountY": 0,
                      "pivot": 0.5,
                      "pivotX": 0.5,
                      "pivotY": 0.5,
                      "ref": null,
                      "renderOfScreen": undefined,
                      "renderToTexture": true,
                      "scale": 1,
                      "scaleX": 1,
                      "scaleY": 1,
                      "state": "",
                      "tag": [Function],
                      "type": "Icon",
                      "visible": true,
                      "w": 48,
                      "x": 56,
                      "y": 0,
                      "zIndex": 0,
                    },
                    "Element-17": Object {
                      "active": false,
                      "alpha": 1,
                      "attached": true,
                      "boundsMargin": null,
                      "clipping": true,
                      "color": 4294967295,
                      "enabled": true,
                      "flex": false,
                      "flexItem": false,
                      "h": 48,
                      "hasFinalFocus": false,
                      "hasFocus": false,
                      "isComponent": true,
                      "mount": 0,
                      "mountX": 0,
                      "mountY": 0,
                      "pivot": 0.5,
                      "pivotX": 0.5,
                      "pivotY": 0.5,
                      "ref": null,
                      "renderOfScreen": undefined,
                      "renderToTexture": true,
                      "scale": 1,
                      "scaleX": 1,
                      "scaleY": 1,
                      "state": "",
                      "tag": [Function],
                      "type": "Icon",
                      "visible": true,
                      "w": 48,
                      "x": 112,
                      "y": 0,
                      "zIndex": 0,
                    },
                    "Element-18": Object {
                      "active": false,
                      "alpha": 1,
                      "attached": true,
                      "boundsMargin": null,
                      "children": Object {
                        "Background": Object {
                          "active": false,
                          "alpha": 1,
                          "attached": true,
                          "boundsMargin": null,
                          "clipping": false,
                          "color": 4294967295,
                          "enabled": true,
                          "flex": false,
                          "flexItem": false,
                          "h": 48,
                          "isComponent": undefined,
                          "mount": 0,
                          "mountX": 0,
                          "mountY": 0,
                          "pivot": 0.5,
                          "pivotX": 0.5,
                          "pivotY": 0.5,
                          "ref": "Background",
                          "renderOfScreen": undefined,
                          "renderToTexture": false,
                          "scale": 1,
                          "scaleX": 1,
                          "scaleY": 1,
                          "state": undefined,
                          "tag": [Function],
                          "tags": Array [
                            "Background",
                          ],
                          "texture": Object {
                            "type": "StaticCanvasTexture",
                          },
                          "visible": true,
                          "w": 48,
                          "x": 0,
                          "y": 0,
                          "zIndex": 0,
                        },
                        "Text": Object {
                          "active": false,
                          "alpha": 0.001,
                          "attached": true,
                          "boundsMargin": null,
                          "children": Object {
                            "Text": Object {
                              "active": false,
                              "alpha": 1,
                              "attached": true,
                              "boundsMargin": null,
                              "clipping": false,
                              "color": 4294967295,
                              "enabled": true,
                              "flex": false,
                              "flexItem": false,
                              "h": 0,
                              "isComponent": undefined,
                              "mount": 0,
                              "mountX": 0,
                              "mountY": 0,
                              "pivot": 0.5,
                              "pivotX": 0.5,
                              "pivotY": 0.5,
                              "ref": "Text",
                              "renderOfScreen": undefined,
                              "renderToTexture": false,
                              "scale": 1,
                              "scaleX": 1,
                              "scaleY": 1,
                              "state": undefined,
                              "tag": [Function],
                              "tags": Array [
                                "Text",
                              ],
                              "texture": Object {
                                "fontFace": "XfinityBrownBold",
                                "fontSize": 28,
                                "letterSpacing": -0.2,
                                "lineHeight": 40,
                                "text": "+7",
                                "textBaseline": "bottom",
                                "type": "TextTexture",
                                "verticalAlign": "middle",
                              },
                              "visible": true,
                              "w": 0,
                              "x": 0,
                              "y": 2,
                              "zIndex": 0,
                            },
                          },
                          "clipping": false,
                          "color": 4294967295,
                          "enabled": true,
                          "flex": false,
                          "flexItem": false,
                          "h": 0,
                          "hasFinalFocus": false,
                          "hasFocus": false,
                          "isComponent": true,
                          "mount": 0.5,
                          "mountX": 0.5,
                          "mountY": 0.5,
                          "pivot": 0.5,
                          "pivotX": 0.5,
                          "pivotY": 0.5,
                          "ref": "Text",
                          "renderOfScreen": undefined,
                          "renderToTexture": false,
                          "scale": 1,
                          "scaleX": 1,
                          "scaleY": 1,
                          "state": "",
                          "tag": [Function],
                          "tags": Array [
                            "Text",
                          ],
                          "type": "TextBox",
                          "visible": true,
                          "w": 0,
                          "x": 24,
                          "y": 24,
                          "zIndex": 0,
                        },
                      },
                      "clipping": false,
                      "color": 4294967295,
                      "enabled": true,
                      "flex": false,
                      "flexItem": false,
                      "h": 48,
                      "isComponent": undefined,
                      "mount": 0,
                      "mountX": 0,
                      "mountY": 0,
                      "pivot": 0.5,
                      "pivotX": 0.5,
                      "pivotY": 0.5,
                      "ref": null,
                      "renderOfScreen": undefined,
                      "renderToTexture": false,
                      "scale": 1,
                      "scaleX": 1,
                      "scaleY": 1,
                      "state": undefined,
                      "tag": [Function],
                      "visible": true,
                      "w": 48,
                      "x": 168,
                      "y": 0,
                      "zIndex": 0,
                    },
                  },
                  "clipping": false,
                  "color": 4294967295,
                  "enabled": true,
                  "flex": false,
                  "flexItem": false,
                  "h": 48,
                  "isComponent": undefined,
                  "mount": 0,
                  "mountX": 0,
                  "mountY": 0,
                  "pivot": 0.5,
                  "pivotX": 0.5,
                  "pivotY": 0.5,
                  "ref": "Items",
                  "renderOfScreen": undefined,
                  "renderToTexture": false,
                  "scale": 1,
                  "scaleX": 1,
                  "scaleY": 1,
                  "state": undefined,
                  "tag": [Function],
                  "tags": Array [
                    "Items",
                  ],
                  "visible": true,
                  "w": 216,
                  "x": 0,
                  "y": 0,
                  "zIndex": 0,
                },
              },
              "clipping": false,
              "color": 4294967295,
              "enabled": true,
              "flex": false,
              "flexItem": false,
              "h": 48,
              "hasFinalFocus": false,
              "hasFocus": false,
              "isComponent": true,
              "mount": 0,
              "mountX": 0,
              "mountY": 0,
              "pivot": 0.5,
              "pivotX": 0.5,
              "pivotY": 0.5,
              "ref": "Row",
              "renderOfScreen": undefined,
              "renderToTexture": false,
              "scale": 1,
              "scaleX": 1,
              "scaleY": 1,
              "state": "Row",
              "tag": [Function],
              "tags": Array [
                "Row",
              ],
              "type": "Row",
              "visible": true,
              "w": 1920,
              "x": 0,
              "y": 0,
              "zIndex": 0,
            },
          },
          "clipping": false,
          "color": 4294967295,
          "enabled": true,
          "flex": false,
          "flexItem": false,
          "h": 0,
          "hasFinalFocus": false,
          "hasFocus": false,
          "isComponent": true,
          "mount": 1,
          "mountX": 1,
          "mountY": 1,
          "pivot": 0.5,
          "pivotX": 0.5,
          "pivotY": 0.5,
          "ref": "Provider",
          "renderOfScreen": undefined,
          "renderToTexture": false,
          "scale": 1,
          "scaleX": 1,
          "scaleY": 1,
          "state": "",
          "tag": [Function],
          "tags": Array [
            "Provider",
          ],
          "type": "Provider",
          "visible": true,
          "w": 0,
          "x": 0,
          "y": 0,
          "zIndex": 0,
        },
      },
      "clipping": false,
      "color": 4294967295,
      "enabled": true,
      "flex": false,
      "flexItem": false,
      "h": 0,
      "isComponent": undefined,
      "mount": 0,
      "mountX": 0,
      "mountY": 0,
      "pivot": 0.5,
      "pivotX": 0.5,
      "pivotY": 0.5,
      "ref": "DetailsWrapper",
      "renderOfScreen": undefined,
      "renderToTexture": false,
      "scale": 1,
      "scaleX": 1,
      "scaleY": 1,
      "state": undefined,
      "tag": [Function],
      "tags": Array [
        "DetailsWrapper",
      ],
      "visible": true,
      "w": 0,
      "x": 0,
      "y": 0,
      "zIndex": 0,
    },
    "Text": Object {
      "active": false,
      "alpha": 1,
      "attached": true,
      "boundsMargin": null,
      "children": Object {
        "Description": Object {
          "active": false,
          "alpha": 0.001,
          "attached": true,
          "boundsMargin": null,
          "children": Object {
            "Text": Object {
              "active": false,
              "alpha": 1,
              "attached": true,
              "boundsMargin": null,
              "clipping": false,
              "color": 4294967295,
              "enabled": true,
              "flex": false,
              "flexItem": false,
              "h": 0,
              "isComponent": undefined,
              "mount": 0,
              "mountX": 0,
              "mountY": 0,
              "pivot": 0.5,
              "pivotX": 0.5,
              "pivotY": 0.5,
              "ref": "Text",
              "renderOfScreen": undefined,
              "renderToTexture": false,
              "scale": 1,
              "scaleX": 1,
              "scaleY": 1,
              "state": undefined,
              "tag": [Function],
              "tags": Array [
                "Text",
              ],
              "texture": Object {
                "textBaseline": "bottom",
                "type": "TextTexture",
              },
              "visible": true,
              "w": 0,
              "x": 0,
              "y": 0,
              "zIndex": 0,
            },
          },
          "clipping": false,
          "color": 4294967295,
          "enabled": true,
          "flex": false,
          "flexItem": true,
          "h": 0,
          "hasFinalFocus": false,
          "hasFocus": false,
          "isComponent": true,
          "mount": 0,
          "mountX": 0,
          "mountY": 0,
          "pivot": 0.5,
          "pivotX": 0.5,
          "pivotY": 0.5,
          "ref": "Description",
          "renderOfScreen": undefined,
          "renderToTexture": false,
          "scale": 1,
          "scaleX": 1,
          "scaleY": 1,
          "state": "",
          "tag": [Function],
          "tags": Array [
            "Description",
          ],
          "type": "TextBox",
          "visible": false,
          "w": 0,
          "x": 0,
          "y": 0,
          "zIndex": 0,
        },
        "Title": Object {
          "active": false,
          "alpha": 0.001,
          "attached": true,
          "boundsMargin": null,
          "children": Object {
            "Text": Object {
              "active": false,
              "alpha": 1,
              "attached": true,
              "boundsMargin": null,
              "clipping": false,
              "color": 4294967295,
              "enabled": true,
              "flex": false,
              "flexItem": false,
              "h": 0,
              "isComponent": undefined,
              "mount": 0,
              "mountX": 0,
              "mountY": 0,
              "pivot": 0.5,
              "pivotX": 0.5,
              "pivotY": 0.5,
              "ref": "Text",
              "renderOfScreen": undefined,
              "renderToTexture": false,
              "scale": 1,
              "scaleX": 1,
              "scaleY": 1,
              "state": undefined,
              "tag": [Function],
              "tags": Array [
                "Text",
              ],
              "texture": Object {
                "textBaseline": "bottom",
                "type": "TextTexture",
              },
              "visible": true,
              "w": 0,
              "x": 0,
              "y": 0,
              "zIndex": 0,
            },
          },
          "clipping": false,
          "color": 4294967295,
          "enabled": true,
          "flex": false,
          "flexItem": true,
          "h": 0,
          "hasFinalFocus": false,
          "hasFocus": false,
          "isComponent": true,
          "mount": 0,
          "mountX": 0,
          "mountY": 0,
          "pivot": 0.5,
          "pivotX": 0.5,
          "pivotY": 0.5,
          "ref": "Title",
          "renderOfScreen": undefined,
          "renderToTexture": false,
          "scale": 1,
          "scaleX": 1,
          "scaleY": 1,
          "state": "",
          "tag": [Function],
          "tags": Array [
            "Title",
          ],
          "type": "TextBox",
          "visible": false,
          "w": 0,
          "x": 0,
          "y": 0,
          "zIndex": 0,
        },
      },
      "clipping": false,
      "color": 4294967295,
      "enabled": true,
      "flex": true,
      "flexItem": true,
      "h": 0,
      "isComponent": undefined,
      "mount": 0,
      "mountX": 0,
      "mountY": 0,
      "pivot": 0.5,
      "pivotX": 0.5,
      "pivotY": 0.5,
      "ref": "Text",
      "renderOfScreen": undefined,
      "renderToTexture": false,
      "scale": 1,
      "scaleX": 1,
      "scaleY": 1,
      "state": undefined,
      "tag": [Function],
      "tags": Array [
        "Text",
      ],
      "visible": true,
      "w": 0,
      "x": 0,
      "y": 0,
      "zIndex": 0,
    },
  },
}
`;
