// Jest Snapshot v1, https://goo.gl/fbAQLP

exports[`TextBox renders 1`] = `
Object {
  "Component": Object {
    "active": false,
    "alpha": 0.001,
    "attached": true,
    "boundsMargin": null,
    "clipping": false,
    "color": 4294967295,
    "enabled": true,
    "flex": false,
    "flexItem": false,
    "h": 0,
    "hasFinalFocus": true,
    "hasFocus": true,
    "isComponent": true,
    "mount": 0,
    "mountX": 0,
    "mountY": 0,
    "pivot": 0.5,
    "pivotX": 0.5,
    "pivotY": 0.5,
    "ref": "Component",
    "renderOfScreen": undefined,
    "renderToTexture": false,
    "scale": 1,
    "scaleX": 1,
    "scaleY": 1,
    "state": "",
    "tag": [Function],
    "tags": Array [
      "Component",
    ],
    "texture": Object {
      "fontFace": "DMSansRegular",
      "fontSize": 32,
      "lineHeight": 40,
      "textBaseline": "bottom",
      "type": "TextTexture",
      "verticalAlign": "middle",
    },
    "type": "TextBox",
    "visible": true,
    "w": 0,
    "x": 0,
    "y": 0,
    "zIndex": 0,
  },
}
`;
