// Jest Snapshot v1, https://goo.gl/fbAQLP

exports[`Tooltip renders 1`] = `
Object {
  "Component": Object {
    "DropShadow": Object {
      "active": false,
      "alpha": 1,
      "attached": true,
      "boundsMargin": null,
      "clipping": false,
      "color": "cc000000",
      "enabled": false,
      "flex": false,
      "flexItem": false,
      "h": 0,
      "id": 3,
      "isComponent": undefined,
      "mount": 0.5,
      "mountX": 0.5,
      "mountY": 0.5,
      "pivot": 0.5,
      "pivotX": 0.5,
      "pivotY": 0.5,
      "ref": "DropShadow",
      "renderOfScreen": undefined,
      "renderToTexture": false,
      "scale": 1,
      "scaleX": 1,
      "scaleY": 1,
      "state": undefined,
      "tag": [Function],
      "tags": Array [
        "DropShadow",
      ],
      "visible": true,
      "w": 0,
      "x": [Function],
      "y": [Function],
      "zIndex": -1,
    },
    "Text": Object {
      "active": false,
      "alpha": 1,
      "attached": true,
      "boundsMargin": null,
      "clipping": false,
      "color": 4294967295,
      "enabled": false,
      "flex": false,
      "flexItem": false,
      "h": 0,
      "id": 4,
      "isComponent": undefined,
      "mount": 0,
      "mountX": 0,
      "mountY": 0,
      "pivot": 0.5,
      "pivotX": 0.5,
      "pivotY": 0.5,
      "ref": "Text",
      "renderOfScreen": undefined,
      "renderToTexture": false,
      "scale": 1,
      "scaleX": 1,
      "scaleY": 1,
      "state": undefined,
      "tag": [Function],
      "tags": Array [
        "Text",
      ],
      "texture": Object {
        "fontFace": "XfinityStandardBold",
        "fontSize": 24,
        "lineHeight": 32,
        "maxLinesSuffix": "...",
        "text": "Tooltip",
        "textAlign": "center",
        "textColor": 4278650631,
        "textOverflow": "ellipsis",
        "type": "TextTexture",
        "wordWrapWidth": 400,
      },
      "visible": true,
      "w": 0,
      "x": 16,
      "y": 0,
      "zIndex": 0,
    },
  },
}
`;
